Component: ARM Compiler 5.06 update 5 (build 528) Tool: armlink [4d35e2]

==============================================================================

Section Cross References

    startup_stm32f407xx.o(STACK) refers (Special) to heapauxi.o(.text) for __use_two_region_memory
    startup_stm32f407xx.o(HEAP) refers (Special) to heapauxi.o(.text) for __use_two_region_memory
    startup_stm32f407xx.o(RESET) refers (Special) to heapauxi.o(.text) for __use_two_region_memory
    startup_stm32f407xx.o(RESET) refers to startup_stm32f407xx.o(STACK) for __initial_sp
    startup_stm32f407xx.o(RESET) refers to startup_stm32f407xx.o(.text) for Reset_Handler
    startup_stm32f407xx.o(RESET) refers to stm32f4xx_it.o(i.NMI_Handler) for NMI_Handler
    startup_stm32f407xx.o(RESET) refers to stm32f4xx_it.o(i.HardFault_Handler) for HardFault_Handler
    startup_stm32f407xx.o(RESET) refers to stm32f4xx_it.o(i.MemManage_Handler) for MemManage_Handler
    startup_stm32f407xx.o(RESET) refers to stm32f4xx_it.o(i.BusFault_Handler) for BusFault_Handler
    startup_stm32f407xx.o(RESET) refers to stm32f4xx_it.o(i.UsageFault_Handler) for UsageFault_Handler
    startup_stm32f407xx.o(RESET) refers to stm32f4xx_it.o(i.SVC_Handler) for SVC_Handler
    startup_stm32f407xx.o(RESET) refers to stm32f4xx_it.o(i.DebugMon_Handler) for DebugMon_Handler
    startup_stm32f407xx.o(RESET) refers to stm32f4xx_it.o(i.PendSV_Handler) for PendSV_Handler
    startup_stm32f407xx.o(RESET) refers to stm32f4xx_it.o(i.SysTick_Handler) for SysTick_Handler
    startup_stm32f407xx.o(RESET) refers to usart.o(i.USART1_IRQHandler) for USART1_IRQHandler
    startup_stm32f407xx.o(RESET) refers to btim.o(i.TIM6_DAC_IRQHandler) for TIM6_DAC_IRQHandler
    startup_stm32f407xx.o(.text) refers (Special) to heapauxi.o(.text) for __use_two_region_memory
    startup_stm32f407xx.o(.text) refers to system_stm32f4xx.o(i.SystemInit) for SystemInit
    startup_stm32f407xx.o(.text) refers to __main.o(!!!main) for __main
    startup_stm32f407xx.o(.text) refers to startup_stm32f407xx.o(HEAP) for Heap_Mem
    startup_stm32f407xx.o(.text) refers to startup_stm32f407xx.o(STACK) for Stack_Mem
    main.o(i.main) refers to stm32f4xx_hal.o(i.HAL_Init) for HAL_Init
    main.o(i.main) refers to sys.o(i.sys_stm32_clock_init) for sys_stm32_clock_init
    main.o(i.main) refers to delay.o(i.delay_init) for delay_init
    main.o(i.main) refers to usart.o(i.usart_init) for usart_init
    main.o(i.main) refers to icm.o(i.icm_init) for icm_init
    main.o(i.main) refers to icm.o(i.icm_getdata) for icm_getdata
    main.o(i.main) refers to mahony.o(i.Mahony_Init) for Mahony_Init
    main.o(i.main) refers to mahony.o(i.MahonyAHRSinit) for MahonyAHRSinit
    main.o(i.main) refers to btim.o(i.btim_tim6_cnt_init) for btim_tim6_cnt_init
    main.o(i.main) refers to btim.o(.data) for gz
    stm32f4xx_it.o(i.SysTick_Handler) refers to stm32f4xx_hal.o(i.HAL_IncTick) for HAL_IncTick
    system_stm32f4xx.o(i.SystemCoreClockUpdate) refers to system_stm32f4xx.o(.data) for SystemCoreClock
    system_stm32f4xx.o(i.SystemCoreClockUpdate) refers to system_stm32f4xx.o(.constdata) for AHBPrescTable
    spi.o(i.HAL_SPI_MspInit) refers to stm32f4xx_hal_gpio.o(i.HAL_GPIO_Init) for HAL_GPIO_Init
    spi.o(i.spi2_init) refers to stm32f4xx_hal_spi.o(i.HAL_SPI_Init) for HAL_SPI_Init
    spi.o(i.spi2_init) refers to spi.o(.bss) for g_spi2_handle
    spi.o(i.spi2_read_write_byte) refers to stm32f4xx_hal_spi.o(i.HAL_SPI_TransmitReceive) for HAL_SPI_TransmitReceive
    spi.o(i.spi2_read_write_byte) refers to spi.o(.bss) for g_spi2_handle
    icm.o(i.ICM_ReadID) refers to icm.o(i.SPI2_ReadWriteBytes) for SPI2_ReadWriteBytes
    icm.o(i.SPI2_ReadWriteBytes) refers to h1_alloc.o(.text) for malloc
    icm.o(i.SPI2_ReadWriteBytes) refers to stm32f4xx_hal_gpio.o(i.HAL_GPIO_WritePin) for HAL_GPIO_WritePin
    icm.o(i.SPI2_ReadWriteBytes) refers to stm32f4xx_hal_spi.o(i.HAL_SPI_TransmitReceive) for HAL_SPI_TransmitReceive
    icm.o(i.SPI2_ReadWriteBytes) refers to h1_free.o(.text) for free
    icm.o(i.SPI2_ReadWriteBytes) refers to spi.o(.bss) for g_spi2_handle
    icm.o(i.icm_cs_init) refers to spi.o(i.spi2_init) for spi2_init
    icm.o(i.icm_cs_init) refers to rt_memclr_w.o(.text) for __aeabi_memclr4
    icm.o(i.icm_cs_init) refers to stm32f4xx_hal_gpio.o(i.HAL_GPIO_Init) for HAL_GPIO_Init
    icm.o(i.icm_cs_init) refers to stm32f4xx_hal_gpio.o(i.HAL_GPIO_WritePin) for HAL_GPIO_WritePin
    icm.o(i.icm_getdata) refers to icm.o(i.SPI2_ReadWriteBytes) for SPI2_ReadWriteBytes
    icm.o(i.icm_init) refers to icm.o(i.icm_cs_init) for icm_cs_init
    icm.o(i.icm_init) refers to icm.o(i.SPI2_ReadWriteBytes) for SPI2_ReadWriteBytes
    icm.o(i.icm_init) refers to delay.o(i.delay_ms) for delay_ms
    icm.o(i.icm_init) refers to delay.o(i.delay_us) for delay_us
    mahony.o(i.MahonyAHRSinit) refers to mahony.o(i.invSqrt) for invSqrt
    mahony.o(i.MahonyAHRSinit) refers to atan2f.o(i.__hardfp_atan2f) for __hardfp_atan2f
[...]
    .text                                    0x08000248   Section       76  startup_stm32f407xx.o(.text)
    $v0                                      0x08000248   Number         0  startup_stm32f407xx.o(.text)
    .text                                    0x08000294   Section        2  use_no_semi_2.o(.text)
    .text                                    0x08000296   Section        0  h1_alloc.o(.text)
    .text                                    0x080002f4   Section        0  h1_free.o(.text)
    .text                                    0x08000342   Section      238  lludivv7m.o(.text)
    .text                                    0x08000430   Section        0  noretval__2printf.o(.text)
    .text                                    0x08000448   Section        0  __printf.o(.text)
    .text                                    0x080004b0   Section       78  rt_memclr_w.o(.text)
    .text                                    0x080004fe   Section        0  heapauxi.o(.text)
    .text                                    0x08000504   Section        2  use_no_semi.o(.text)
    .text                                    0x08000508   Section        8  rt_heap_descriptor_intlibspace.o(.text)
    .text                                    0x08000510   Section        0  hguard.o(.text)
    .text                                    0x08000514   Section        0  init_alloc.o(.text)
    .text                                    0x0800059e   Section        0  h1_init.o(.text)
    .text                                    0x080005ac   Section        0  _rserrno.o(.text)
    .text                                    0x080005c2   Section        0  _printf_fp_dec.o(.text)
    _fp_digits                               0x080005c5   Thumb Code   432  _printf_fp_dec.o(.text)
    .text                                    0x080009e0   Section        0  _printf_char_file.o(.text)
    .text                                    0x08000a04   Section        8  libspace.o(.text)
    .text                                    0x08000a0c   Section        8  rt_locale_intlibspace.o(.text)
    .text                                    0x08000a14   Section        8  rt_errno_addr_intlibspace.o(.text)
    .text                                    0x08000a1c   Section        0  h1_extend.o(.text)
    .text                                    0x08000a50   Section      138  lludiv10.o(.text)
    .text                                    0x08000adc   Section        0  _printf_char_common.o(.text)
    _printf_input_char                       0x08000add   Thumb Code    10  _printf_char_common.o(.text)
    .text                                    0x08000b0c   Section        0  _printf_fp_infnan.o(.text)
    .text                                    0x08000b8c   Section        0  bigflt0.o(.text)
    .text                                    0x08000c70   Section        0  ferror.o(.text)
    .text                                    0x08000c78   Section        0  defsig_rtmem_outer.o(.text)
    .text                                    0x08000c86   Section       74  sys_stackheap_outer.o(.text)
    .text                                    0x08000cd0   Section        0  exit.o(.text)
    .text                                    0x08000ce2   Section        0  defsig_exit.o(.text)
    .text                                    0x08000cec   Section        0  defsig_rtmem_inner.o(.text)
    .text                                    0x08000d3c   Section      128  strcmpv7m.o(.text)
    .text                                    0x08000dbc   Section        0  defsig_general.o(.text)
    CL$$btod_d2e                             0x08000dee   Section       62  btod.o(CL$$btod_d2e)
    CL$$btod_d2e_denorm_low                  0x08000e2c   Section       70  btod.o(CL$$btod_d2e_denorm_low)
    CL$$btod_d2e_norm_op1                    0x08000e72   Section       96  btod.o(CL$$btod_d2e_norm_op1)
    CL$$btod_div_common                      0x08000ed2   Section      824  btod.o(CL$$btod_div_common)
    CL$$btod_e2e                             0x0800120a   Section      220  btod.o(CL$$btod_e2e)
    CL$$btod_ediv                            0x080012e6   Section       42  btod.o(CL$$btod_ediv)
    CL$$btod_emul                            0x08001310   Section       42  btod.o(CL$$btod_emul)
    CL$$btod_mult_common                     0x0800133a   Section      580  btod.o(CL$$btod_mult_common)
    i.BusFault_Handler                       0x0800157e   Section        0  stm32f4xx_it.o(i.BusFault_Handler)
    i.DebugMon_Handler                       0x08001582   Section        0  stm32f4xx_it.o(i.DebugMon_Handler)
    i.HAL_DMA_Abort                          0x08001584   Section        0  stm32f4xx_hal_dma.o(i.HAL_DMA_Abort)
    i.HAL_DMA_Abort_IT                       0x0800162e   Section        0  stm32f4xx_hal_dma.o(i.HAL_DMA_Abort_IT)
    i.HAL_GPIO_Init                          0x08001658   Section        0  stm32f4xx_hal_gpio.o(i.HAL_GPIO_Init)
    i.HAL_GPIO_WritePin                      0x0800185c   Section        0  stm32f4xx_hal_gpio.o(i.HAL_GPIO_WritePin)
    i.HAL_GetTick                            0x08001868   Section        0  stm32f4xx_hal.o(i.HAL_GetTick)
    i.HAL_IncTick                            0x08001874   Section        0  stm32f4xx_hal.o(i.HAL_IncTick)
    i.HAL_Init                               0x0800188c   Section        0  stm32f4xx_hal.o(i.HAL_Init)
    i.HAL_InitTick                           0x080018c8   Section        0  stm32f4xx_hal.o(i.HAL_InitTick)
    i.HAL_MspInit                            0x08001914   Section        0  stm32f4xx_hal.o(i.HAL_MspInit)
    i.HAL_NVIC_EnableIRQ                     0x08001916   Section        0  stm32f4xx_hal_cortex.o(i.HAL_NVIC_EnableIRQ)
    i.HAL_NVIC_SetPriority                   0x08001936   Section        0  stm32f4xx_hal_cortex.o(i.HAL_NVIC_SetPriority)
    i.HAL_NVIC_SetPriorityGrouping           0x080019b4   Section        0  stm32f4xx_hal_cortex.o(i.HAL_NVIC_SetPriorityGrouping)
    i.HAL_RCC_ClockConfig                    0x080019dc   Section        0  stm32f4xx_hal_rcc.o(i.HAL_RCC_ClockConfig)
    i.HAL_RCC_GetHCLKFreq                    0x08001b60   Section        0  stm32f4xx_hal_rcc.o(i.HAL_RCC_GetHCLKFreq)
    i.HAL_RCC_GetPCLK1Freq                   0x08001b6c   Section        0  stm32f4xx_hal_rcc.o(i.HAL_RCC_GetPCLK1Freq)
    i.HAL_RCC_GetPCLK2Freq                   0x08001b8c   Section        0  stm32f4xx_hal_rcc.o(i.HAL_RCC_GetPCLK2Freq)
    i.HAL_RCC_GetSysClockFreq                0x08001bac   Section        0  stm32f4xx_hal_rcc.o(i.HAL_RCC_GetSysClockFreq)
    i.HAL_RCC_OscConfig                      0x08001c5c   Section        0  stm32f4xx_hal_rcc.o(i.HAL_RCC_OscConfig)
    i.HAL_SPI_Init                           0x080020f8   Section        0  stm32f4xx_hal_spi.o(i.HAL_SPI_Init)
    i.HAL_SPI_MspInit                        0x080021d8   Section        0  spi.o(i.HAL_SPI_MspInit)
    i.HAL_SPI_TransmitReceive                0x080022b0   Section        0  stm32f4xx_hal_spi.o(i.HAL_SPI_TransmitReceive)
    i.HAL_SYSTICK_Config                     0x08002582   Section        0  stm32f4xx_hal_cortex.o(i.HAL_SYSTICK_Config)
    i.HAL_TIMEx_BreakCallback                0x080025b6   Section        0  stm32f4xx_hal_tim_ex.o(i.HAL_TIMEx_BreakCallback)
    i.HAL_TIMEx_CommutCallback               0x080025b8   Section        0  stm32f4xx_hal_tim_ex.o(i.HAL_TIMEx_CommutCallback)
    i.HAL_TIM_Base_Init                      0x080025ba   Section        0  stm32f4xx_hal_tim.o(i.HAL_TIM_Base_Init)
    i.HAL_TIM_Base_MspInit                   0x08002620   Section        0  btim.o(i.HAL_TIM_Base_MspInit)
    i.HAL_TIM_Base_Start_IT                  0x08002668   Section        0  stm32f4xx_hal_tim.o(i.HAL_TIM_Base_Start_IT)
    i.HAL_TIM_IC_CaptureCallback             0x08002710   Section        0  stm32f4xx_hal_tim.o(i.HAL_TIM_IC_CaptureCallback)
    i.HAL_TIM_IRQHandler                     0x08002712   Section        0  stm32f4xx_hal_tim.o(i.HAL_TIM_IRQHandler)
    i.HAL_TIM_OC_DelayElapsedCallback        0x080028a8   Section        0  stm32f4xx_hal_tim.o(i.HAL_TIM_OC_DelayElapsedCallback)
    i.HAL_TIM_PWM_PulseFinishedCallback      0x080028aa   Section        0  stm32f4xx_hal_tim.o(i.HAL_TIM_PWM_PulseFinishedCallback)
    i.HAL_TIM_PeriodElapsedCallback          0x080028ac   Section        0  btim.o(i.HAL_TIM_PeriodElapsedCallback)
    i.HAL_TIM_TriggerCallback                0x080029c0   Section        0  stm32f4xx_hal_tim.o(i.HAL_TIM_TriggerCallback)
    i.HAL_UARTEx_RxEventCallback             0x080029c2   Section        0  stm32f4xx_hal_uart.o(i.HAL_UARTEx_RxEventCallback)
    i.HAL_UART_ErrorCallback                 0x080029c4   Section        0  stm32f4xx_hal_uart.o(i.HAL_UART_ErrorCallback)
    i.HAL_UART_IRQHandler                    0x080029c8   Section        0  stm32f4xx_hal_uart.o(i.HAL_UART_IRQHandler)
    i.HAL_UART_Init                          0x08002c18   Section        0  stm32f4xx_hal_uart.o(i.HAL_UART_Init)
    i.HAL_UART_MspInit                       0x08002c8c   Section        0  usart.o(i.HAL_UART_MspInit)
    i.HAL_UART_Receive_IT                    0x08002d58   Section        0  stm32f4xx_hal_uart.o(i.HAL_UART_Receive_IT)
    i.HAL_UART_RxCpltCallback                0x08002d9c   Section        0  usart.o(i.HAL_UART_RxCpltCallback)
    i.HAL_UART_TxCpltCallback                0x08002e38   Section        0  stm32f4xx_hal_uart.o(i.HAL_UART_TxCpltCallback)
    i.HardFault_Handler                      0x08002e3a   Section        0  stm32f4xx_it.o(i.HardFault_Handler)
    i.MahonyAHRSinit                         0x08002e40   Section        0  mahony.o(i.MahonyAHRSinit)
    i.MahonyAHRSupdateIMU                    0x0800310c   Section        0  mahony.o(i.MahonyAHRSupdateIMU)
    i.Mahony_Init                            0x08003470   Section        0  mahony.o(i.Mahony_Init)
    i.Mahony_computeAngles                   0x08003508   Section        0  mahony.o(i.Mahony_computeAngles)
    i.Mahony_invSqrt                         0x08003638   Section        0  mahony.o(i.Mahony_invSqrt)
    i.Mahony_update                          0x08003688   Section        0  mahony.o(i.Mahony_update)
    i.MemManage_Handler                      0x08003c94   Section        0  stm32f4xx_it.o(i.MemManage_Handler)
    i.NMI_Handler                            0x08003c98   Section        0  stm32f4xx_it.o(i.NMI_Handler)
    i.PendSV_Handler                         0x08003c9a   Section        0  stm32f4xx_it.o(i.PendSV_Handler)
    i.SPI2_ReadWriteBytes                    0x08003c9c   Section        0  icm.o(i.SPI2_ReadWriteBytes)
    i.SPI_EndRxTxTransaction                 0x08003d58   Section        0  stm32f4xx_hal_spi.o(i.SPI_EndRxTxTransaction)
    SPI_EndRxTxTransaction                   0x08003d59   Thumb Code   100  stm32f4xx_hal_spi.o(i.SPI_EndRxTxTransaction)
    i.SPI_WaitFlagStateUntilTimeout          0x08003dc4   Section        0  stm32f4xx_hal_spi.o(i.SPI_WaitFlagStateUntilTimeout)
    SPI_WaitFlagStateUntilTimeout            0x08003dc5   Thumb Code   210  stm32f4xx_hal_spi.o(i.SPI_WaitFlagStateUntilTimeout)
    i.SVC_Handler                            0x08003e9c   Section        0  stm32f4xx_it.o(i.SVC_Handler)
    i.SysTick_Handler                        0x08003e9e   Section        0  stm32f4xx_it.o(i.SysTick_Handler)
    i.SystemInit                             0x08003ea8   Section        0  system_stm32f4xx.o(i.SystemInit)
    i.TIM6_DAC_IRQHandler                    0x08003ebc   Section        0  btim.o(i.TIM6_DAC_IRQHandler)
    i.TIM_Base_SetConfig                     0x08003ecc   Section        0  stm32f4xx_hal_tim.o(i.TIM_Base_SetConfig)
    i.UART_DMAAbortOnError                   0x08003fa4   Section        0  stm32f4xx_hal_uart.o(i.UART_DMAAbortOnError)
    UART_DMAAbortOnError                     0x08003fa5   Thumb Code    20  stm32f4xx_hal_uart.o(i.UART_DMAAbortOnError)
    i.UART_EndRxTransfer                     0x08003fb8   Section        0  stm32f4xx_hal_uart.o(i.UART_EndRxTransfer)
    UART_EndRxTransfer                       0x08003fb9   Thumb Code    54  stm32f4xx_hal_uart.o(i.UART_EndRxTransfer)
    i.UART_EndTransmit_IT                    0x08003fee   Section        0  stm32f4xx_hal_uart.o(i.UART_EndTransmit_IT)
    UART_EndTransmit_IT                      0x08003fef   Thumb Code    32  stm32f4xx_hal_uart.o(i.UART_EndTransmit_IT)
    i.UART_Receive_IT                        0x0800400e   Section        0  stm32f4xx_hal_uart.o(i.UART_Receive_IT)
    UART_Receive_IT                          0x0800400f   Thumb Code   190  stm32f4xx_hal_uart.o(i.UART_Receive_IT)
    i.UART_SetConfig                         0x080040cc   Section        0  stm32f4xx_hal_uart.o(i.UART_SetConfig)
    UART_SetConfig                           0x080040cd   Thumb Code   546  stm32f4xx_hal_uart.o(i.UART_SetConfig)
    i.UART_Start_Receive_IT                  0x080042f8   Section        0  stm32f4xx_hal_uart.o(i.UART_Start_Receive_IT)
    i.UART_Transmit_IT                       0x0800433e   Section        0  stm32f4xx_hal_uart.o(i.UART_Transmit_IT)
    UART_Transmit_IT                         0x0800433f   Thumb Code    96  stm32f4xx_hal_uart.o(i.UART_Transmit_IT)
    i.USART1_IRQHandler                      0x080043a0   Section        0  usart.o(i.USART1_IRQHandler)
    i.UsageFault_Handler                     0x080043b0   Section        0  stm32f4xx_it.o(i.UsageFault_Handler)
    i.__ARM_fpclassify                       0x080043b4   Section        0  fpclassify.o(i.__ARM_fpclassify)
    i.__ARM_fpclassifyf                      0x080043e4   Section        0  fpclassifyf.o(i.__ARM_fpclassifyf)
    i.__NVIC_GetPriorityGrouping             0x0800440c   Section        0  stm32f4xx_hal_cortex.o(i.__NVIC_GetPriorityGrouping)
    __NVIC_GetPriorityGrouping               0x0800440d   Thumb Code    10  stm32f4xx_hal_cortex.o(i.__NVIC_GetPriorityGrouping)
    i.__NVIC_SetPriority                     0x0800441c   Section        0  stm32f4xx_hal_cortex.o(i.__NVIC_SetPriority)
    __NVIC_SetPriority                       0x0800441d   Thumb Code    32  stm32f4xx_hal_cortex.o(i.__NVIC_SetPriority)
    i.__hardfp_asinf                         0x08004444   Section        0  asinf.o(i.__hardfp_asinf)
    i.__hardfp_atan2f                        0x08004570   Section        0  atan2f.o(i.__hardfp_atan2f)
    i.__hardfp_cosf                          0x080047c0   Section        0  cosf.o(i.__hardfp_cosf)
    i.__hardfp_sinf                          0x08004910   Section        0  sinf.o(i.__hardfp_sinf)
    i.__hardfp_sqrtf                         0x08004aa0   Section        0  sqrtf.o(i.__hardfp_sqrtf)
    i.__mathlib_flt_infnan                   0x08004ada   Section        0  funder.o(i.__mathlib_flt_infnan)
    i.__mathlib_flt_infnan2                  0x08004ae0   Section        0  funder.o(i.__mathlib_flt_infnan2)
    i.__mathlib_flt_invalid                  0x08004ae8   Section        0  funder.o(i.__mathlib_flt_invalid)
    i.__mathlib_flt_underflow                0x08004af8   Section        0  funder.o(i.__mathlib_flt_underflow)
    i.__mathlib_rredf2                       0x08004b08   Section        0  rredf.o(i.__mathlib_rredf2)
    i._sys_exit                              0x08004c5c   Section        0  usart.o(i._sys_exit)
    i._ttywrch                               0x08004c60   Section        0  usart.o(i._ttywrch)
    i.btim_tim6_cnt_init                     0x08004c64   Section        0  btim.o(i.btim_tim6_cnt_init)
    i.delay_init                             0x08004c94   Section        0  delay.o(i.delay_init)
    i.delay_ms                               0x08004ca0   Section        0  delay.o(i.delay_ms)
    i.delay_us                               0x08004cb4   Section        0  delay.o(i.delay_us)
    i.fputc                                  0x08004cfc   Section        0  usart.o(i.fputc)
    i.getPitch                               0x08004d18   Section        0  mahony.o(i.getPitch)
    i.getRoll                                0x08004d34   Section        0  mahony.o(i.getRoll)
    i.getYaw                                 0x08004d50   Section        0  mahony.o(i.getYaw)
    i.icm_cs_init                            0x08004d6c   Section        0  icm.o(i.icm_cs_init)
    i.icm_getdata                            0x08004dcc   Section        0  icm.o(i.icm_getdata)
    i.icm_init                               0x08004ee4   Section        0  icm.o(i.icm_init)
    i.invSqrt                                0x08004f4c   Section        0  mahony.o(i.invSqrt)
    invSqrt                                  0x08004f4d   Thumb Code    40  mahony.o(i.invSqrt)
    i.main                                   0x08004f74   Section        0  main.o(i.main)
    i.spi2_init                              0x08005000   Section        0  spi.o(i.spi2_init)
    i.sqrtf                                  0x0800504c   Section        0  sqrtf.o(i.sqrtf)
    i.sys_stm32_clock_init                   0x0800508c   Section        0  sys.o(i.sys_stm32_clock_init)
    i.usart_init                             0x0800514c   Section        0  usart.o(i.usart_init)
    locale$$code                             0x08005184   Section       44  lc_numeric_c.o(locale$$code)
    x$fpl$dretinf                            0x080051b0   Section       12  dretinf.o(x$fpl$dretinf)
    $v0                                      0x080051b0   Number         0  dretinf.o(x$fpl$dretinf)
    x$fpl$f2d                                0x080051bc   Section       86  f2d.o(x$fpl$f2d)
    $v0                                      0x080051bc   Number         0  f2d.o(x$fpl$f2d)
    x$fpl$fnaninf                            0x08005212   Section      140  fnaninf.o(x$fpl$fnaninf)
    $v0                                      0x08005212   Number         0  fnaninf.o(x$fpl$fnaninf)
    x$fpl$fpinit                             0x0800529e   Section       10  fpinit.o(x$fpl$fpinit)
    $v0                                      0x0800529e   Number         0  fpinit.o(x$fpl$fpinit)
    x$fpl$printf1                            0x080052a8   Section        4  printf1.o(x$fpl$printf1)
    $v0                                      0x080052a8   Number         0  printf1.o(x$fpl$printf1)
    .constdata                               0x080052ac   Section       24  system_stm32f4xx.o(.constdata)
    x$fpl$usenofp                            0x080052ac   Section        0  usenofp.o(x$fpl$usenofp)
    .constdata                               0x080052c4   Section       32  rredf.o(.constdata)
    twooverpi                                0x080052c4   Data          32  rredf.o(.constdata)
    .constdata                               0x080052e4   Section      148  bigflt0.o(.constdata)
    tenpwrs_x                                0x080052e4   Data          60  bigflt0.o(.constdata)
    tenpwrs_i                                0x08005320   Data          64  bigflt0.o(.constdata)
    locale$$data                             0x08005398   Section       28  lc_numeric_c.o(locale$$data)
    __lcnum_c_name                           0x0800539c   Data           2  lc_numeric_c.o(locale$$data)
    __lcnum_c_start                          0x080053a4   Data           0  lc_numeric_c.o(locale$$data)
    __lcnum_c_point                          0x080053b0   Data           0  lc_numeric_c.o(locale$$data)
    __lcnum_c_thousands                      0x080053b2   Data           0  lc_numeric_c.o(locale$$data)
    __lcnum_c_grouping                       0x080053b3   Data           0  lc_numeric_c.o(locale$$data)
    __lcnum_c_end                            0x080053b4   Data           0  lc_numeric_c.o(locale$$data)
    .data                                    0x20000000   Section        4  system_stm32f4xx.o(.data)
    .data                                    0x20000004   Section       49  mahony.o(.data)
    .data                                    0x20000038   Section       36  btim.o(.data)
    .data                                    0x2000005c   Section        4  delay.o(.data)
    g_fac_us                                 0x2000005c   Data           4  delay.o(.data)
    .data                                    0x20000060   Section        7  usart.o(.data)
    .data                                    0x20000068   Section        9  stm32f4xx_hal.o(.data)
    .bss                                     0x20000074   Section       88  spi.o(.bss)
    .bss                                     0x200000cc   Section       72  btim.o(.bss)
    .bss                                     0x20000114   Section      268  usart.o(.bss)
    .bss                                     0x20000220   Section       96  libspace.o(.bss)
    HEAP                                     0x20000280   Section        0  startup_stm32f407xx.o(HEAP)
    STACK                                    0x20000280   Section     1024  startup_stm32f407xx.o(STACK)
    Heap_Mem                                 0x20000280   Data           0  startup_stm32f407xx.o(HEAP)
    Stack_Mem                                0x20000280   Data        1024  startup_stm32f407xx.o(STACK)
    __initial_sp                             0x20000680   Data           0  startup_stm32f407xx.o(STACK)

    Global Symbols

    Symbol Name                              Value     Ov Type        Size  Object(Section)

    BuildAttributes$$THM_ISAv4$E$P$D$K$B$S$7EM$VFPi3$EXTD16$VFPS$VFMA$PE$A:L22UL41UL21$X:L11$S22US41US21$IEEE1$IW$USESV6$~STKCKD$USESV7$~SHL$OTIME$ROPI$IEEEX$EBA8$UX$STANDARDLIB$REQ8$PRES8$EABIv2 0x00000000   Number         0  anon$$obj.o ABSOLUTE
    __ARM_use_no_argv                        0x00000000   Number         0  main.o ABSOLUTE
    __ARM_exceptions_init                     - Undefined Weak Reference
    __alloca_initialize                       - Undefined Weak Reference
    __arm_preinit_                            - Undefined Weak Reference
    __cpp_initialize__aeabi_                  - Undefined Weak Reference
    __cxa_finalize                            - Undefined Weak Reference
    __sigvec_lookup                           - Undefined Weak Reference
    __user_heap_extent                        - Undefined Weak Reference
    _atexit_init                              - Undefined Weak Reference
    _call_atexit_fns                          - Undefined Weak Reference
    _clock_init                               - Undefined Weak Reference
    _fp_trap_init                             - Undefined Weak Reference
    _fp_trap_shutdown                         - Undefined Weak Reference
    _get_lc_collate                           - Undefined Weak Reference
    _get_lc_ctype                             - Undefined Weak Reference
    _get_lc_monetary                          - Undefined Weak Reference
    _get_lc_time                              - Undefined Weak Reference
    _getenv_init                              - Undefined Weak Reference
    _handle_redirection                       - Undefined Weak Reference
    _initio                                   - Undefined Weak Reference
    _mutex_acquire                            - Undefined Weak Reference
    _mutex_free                               - Undefined Weak Reference
    _mutex_release                            - Undefined Weak Reference
    _printf_post_padding                      - Undefined Weak Reference
    _printf_pre_padding                       - Undefined Weak Reference
    _rand_init                                - Undefined Weak Reference
    _signal_finish                            - Undefined Weak Reference
    _signal_init                              - Undefined Weak Reference
    _terminateio                              - Undefined Weak Reference
    __Vectors_Size                           0x00000188   Number         0  startup_stm32f407xx.o ABSOLUTE
    __Vectors                                0x08000000   Data           4  startup_stm32f407xx.o(RESET)
    __Vectors_End                            0x08000188   Data           0  startup_stm32f407xx.o(RESET)
    __main                                   0x08000189   Thumb Code     8  __main.o(!!!main)
    __scatterload                            0x08000191   Thumb Code     0  __scatter.o(!!!scatter)
    __scatterload_rt2                        0x08000191   Thumb Code    44  __scatter.o(!!!scatter)
    __scatterload_rt2_thumb_only             0x08000191   Thumb Code     0  __scatter.o(!!!scatter)
    __scatterload_null                       0x0800019f   Thumb Code     0  __scatter.o(!!!scatter)
    __scatterload_copy                       0x080001c5   Thumb Code    26  __scatter_copy.o(!!handler_copy)
    __scatterload_zeroinit                   0x080001e1   Thumb Code    28  __scatter_zi.o(!!handler_zi)
    _printf_f                                0x080001fd   Thumb Code     0  _printf_f.o(.ARM.Collect$$_printf_percent$$00000003)
    _printf_percent                          0x080001fd   Thumb Code     0  _printf_percent.o(.ARM.Collect$$_printf_percent$$00000000)
    _printf_percent_end                      0x08000203   Thumb Code     0  _printf_percent_end.o(.ARM.Collect$$_printf_percent$$00000017)
    __rt_lib_init                            0x08000207   Thumb Code     0  libinit.o(.ARM.Collect$$libinit$$00000000)
    __rt_lib_init_fp_1                       0x08000209   Thumb Code     0  libinit2.o(.ARM.Collect$$libinit$$00000001)
    __rt_lib_init_heap_2                     0x0800020d   Thumb Code     0  libinit2.o(.ARM.Collect$$libinit$$00000005)
    __rt_lib_init_preinit_1                  0x0800020d   Thumb Code     0  libinit2.o(.ARM.Collect$$libinit$$00000004)
    __rt_lib_init_heap_1                     0x08000215   Thumb Code     0  libinit2.o(.ARM.Collect$$libinit$$0000000A)
    __rt_lib_init_lc_common                  0x08000215   Thumb Code     0  libinit2.o(.ARM.Collect$$libinit$$0000000F)
    __rt_lib_init_rand_1                     0x08000215   Thumb Code     0  libinit2.o(.ARM.Collect$$libinit$$0000000E)
    __rt_lib_init_user_alloc_1               0x08000215   Thumb Code     0  libinit2.o(.ARM.Collect$$libinit$$0000000C)
    __rt_lib_init_lc_collate_1               0x0800021b   Thumb Code     0  libinit2.o(.ARM.Collect$$libinit$$00000011)
    __rt_lib_init_lc_ctype_1                 0x0800021b   Thumb Code     0  libinit2.o(.ARM.Collect$$libinit$$00000013)
    __rt_lib_init_lc_monetary_1              0x0800021b   Thumb Code     0  libinit2.o(.ARM.Collect$$libinit$$00000015)
    __rt_lib_init_lc_numeric_2               0x0800021b   Thumb Code     0  libinit2.o(.ARM.Collect$$libinit$$00000016)
    __rt_lib_init_alloca_1                   0x08000225   Thumb Code     0  libinit2.o(.ARM.Collect$$libinit$$0000002E)
    __rt_lib_init_argv_1                     0x08000225   Thumb Code     0  libinit2.o(.ARM.Collect$$libinit$$0000002C)
    __rt_lib_init_atexit_1                   0x08000225   Thumb Code     0  libinit2.o(.ARM.Collect$$libinit$$0000001B)
    __rt_lib_init_clock_1                    0x08000225   Thumb Code     0  libinit2.o(.ARM.Collect$$libinit$$00000021)
    __rt_lib_init_cpp_1                      0x08000225   Thumb Code     0  libinit2.o(.ARM.Collect$$libinit$$00000032)
    __rt_lib_init_exceptions_1               0x08000225   Thumb Code     0  libinit2.o(.ARM.Collect$$libinit$$00000030)
    __rt_lib_init_fp_trap_1                  0x08000225   Thumb Code     0  libinit2.o(.ARM.Collect$$libinit$$0000001F)
    __rt_lib_init_getenv_1                   0x08000225   Thumb Code     0  libinit2.o(.ARM.Collect$$libinit$$00000023)
    __rt_lib_init_lc_numeric_1               0x08000225   Thumb Code     0  libinit2.o(.ARM.Collect$$libinit$$00000017)
    __rt_lib_init_lc_time_1                  0x08000225   Thumb Code     0  libinit2.o(.ARM.Collect$$libinit$$00000019)
    __rt_lib_init_return                     0x08000225   Thumb Code     0  libinit2.o(.ARM.Collect$$libinit$$00000033)
    __rt_lib_init_signal_1                   0x08000225   Thumb Code     0  libinit2.o(.ARM.Collect$$libinit$$0000001D)
    __rt_lib_init_stdio_1                    0x08000225   Thumb Code     0  libinit2.o(.ARM.Collect$$libinit$$00000025)
    __rt_lib_shutdown                        0x08000227   Thumb Code     0  libshutdown.o(.ARM.Collect$$libshutdown$$00000000)
    __rt_lib_shutdown_cpp_1                  0x08000229   Thumb Code     0  libshutdown2.o(.ARM.Collect$$libshutdown$$00000002)
    __rt_lib_shutdown_fp_trap_1              0x08000229   Thumb Code     0  libshutdown2.o(.ARM.Collect$$libshutdown$$00000007)
    __rt_lib_shutdown_heap_1                 0x08000229   Thumb Code     0  libshutdown2.o(.ARM.Collect$$libshutdown$$0000000F)
    __rt_lib_shutdown_return                 0x08000229   Thumb Code     0  libshutdown2.o(.ARM.Collect$$libshutdown$$00000010)
    __rt_lib_shutdown_signal_1               0x08000229   Thumb Code     0  libshutdown2.o(.ARM.Collect$$libshutdown$$0000000A)
    __rt_lib_shutdown_stdio_1                0x08000229   Thumb Code     0  libshutdown2.o(.ARM.Collect$$libshutdown$$00000004)
    __rt_lib_shutdown_user_alloc_1           0x08000229   Thumb Code     0  libshutdown2.o(.ARM.Collect$$libshutdown$$0000000C)
    __rt_entry                               0x0800022b   Thumb Code     0  __rtentry.o(.ARM.Collect$$rtentry$$00000000)
    __rt_entry_presh_1                       0x0800022b   Thumb Code     0  __rtentry2.o(.ARM.Collect$$rtentry$$00000002)
    __rt_entry_sh                            0x0800022b   Thumb Code     0  __rtentry4.o(.ARM.Collect$$rtentry$$00000004)
    __rt_entry_li                            0x08000231   Thumb Code     0  __rtentry2.o(.ARM.Collect$$rtentry$$0000000A)
    __rt_entry_postsh_1                      0x08000231   Thumb Code     0  __rtentry2.o(.ARM.Collect$$rtentry$$00000009)
    __rt_entry_main                          0x08000235   Thumb Code     0  __rtentry2.o(.ARM.Collect$$rtentry$$0000000D)
    __rt_entry_postli_1                      0x08000235   Thumb Code     0  __rtentry2.o(.ARM.Collect$$rtentry$$0000000C)
    __rt_exit                                0x0800023d   Thumb Code     0  rtexit.o(.ARM.Collect$$rtexit$$00000000)
    __rt_exit_ls                             0x0800023f   Thumb Code     0  rtexit2.o(.ARM.Collect$$rtexit$$00000003)
    __rt_exit_prels_1                        0x0800023f   Thumb Code     0  rtexit2.o(.ARM.Collect$$rtexit$$00000002)
    __rt_exit_exit                           0x08000243   Thumb Code     0  rtexit2.o(.ARM.Collect$$rtexit$$00000004)
    Reset_Handler                            0x08000249   Thumb Code    18  startup_stm32f407xx.o(.text)
    _maybe_terminate_alloc                   0x08000249   Thumb Code     0  maybetermalloc1.o(.emb_text)
    ADC_IRQHandler                           0x0800026d   Thumb Code     0  startup_stm32f407xx.o(.text)
    CAN1_RX0_IRQHandler                      0x0800026d   Thumb Code     0  startup_stm32f407xx.o(.text)
    CAN1_RX1_IRQHandler                      0x0800026d   Thumb Code     0  startup_stm32f407xx.o(.text)
    CAN1_SCE_IRQHandler                      0x0800026d   Thumb Code     0  startup_stm32f407xx.o(.text)
    CAN1_TX_IRQHandler                       0x0800026d   Thumb Code     0  startup_stm32f407xx.o(.text)
    CAN2_RX0_IRQHandler                      0x0800026d   Thumb Code     0  startup_stm32f407xx.o(.text)
    CAN2_RX1_IRQHandler                      0x0800026d   Thumb Code     0  startup_stm32f407xx.o(.text)
    CAN2_SCE_IRQHandler                      0x0800026d   Thumb Code     0  startup_stm32f407xx.o(.text)
    CAN2_TX_IRQHandler                       0x0800026d   Thumb Code     0  startup_stm32f407xx.o(.text)
    DCMI_IRQHandler                          0x0800026d   Thumb Code     0  startup_stm32f407xx.o(.text)
    DMA1_Stream0_IRQHandler                  0x0800026d   Thumb Code     0  startup_stm32f407xx.o(.text)
    DMA1_Stream1_IRQHandler                  0x0800026d   Thumb Code     0  startup_stm32f407xx.o(.text)
    DMA1_Stream2_IRQHandler                  0x0800026d   Thumb Code     0  startup_stm32f407xx.o(.text)
    DMA1_Stream3_IRQHandler                  0x0800026d   Thumb Code     0  startup_stm32f407xx.o(.text)
    DMA1_Stream4_IRQHandler                  0x0800026d   Thumb Code     0  startup_stm32f407xx.o(.text)
    DMA1_Stream5_IRQHandler                  0x0800026d   Thumb Code     0  startup_stm32f407xx.o(.text)
    DMA1_Stream6_IRQHandler                  0x0800026d   Thumb Code     0  startup_stm32f407xx.o(.text)
    DMA1_Stream7_IRQHandler                  0x0800026d   Thumb Code     0  startup_stm32f407xx.o(.text)
    DMA2_Stream0_IRQHandler                  0x0800026d   Thumb Code     0  startup_stm32f407xx.o(.text)
    DMA2_Stream1_IRQHandler                  0x0800026d   Thumb Code     0  startup_stm32f407xx.o(.text)
    DMA2_Stream2_IRQHandler                  0x0800026d   Thumb Code     0  startup_stm32f407xx.o(.text)
    DMA2_Stream3_IRQHandler                  0x0800026d   Thumb Code     0  startup_stm32f407xx.o(.text)
    DMA2_Stream4_IRQHandler                  0x0800026d   Thumb Code     0  startup_stm32f407xx.o(.text)
    DMA2_Stream5_IRQHandler                  0x0800026d   Thumb Code     0  startup_stm32f407xx.o(.text)
    DMA2_Stream6_IRQHandler                  0x0800026d   Thumb Code     0  startup_stm32f407xx.o(.text)
    DMA2_Stream7_IRQHandler                  0x0800026d   Thumb Code     0  startup_stm32f407xx.o(.text)
    ETH_IRQHandler                           0x0800026d   Thumb Code     0  startup_stm32f407xx.o(.text)
    ETH_WKUP_IRQHandler                      0x0800026d   Thumb Code     0  startup_stm32f407xx.o(.text)
    EXTI0_IRQHandler                         0x0800026d   Thumb Code     0  startup_stm32f407xx.o(.text)
    EXTI15_10_IRQHandler                     0x0800026d   Thumb Code     0  startup_stm32f407xx.o(.text)
    EXTI1_IRQHandler                         0x0800026d   Thumb Code     0  startup_stm32f407xx.o(.text)
    EXTI2_IRQHandler                         0x0800026d   Thumb Code     0  startup_stm32f407xx.o(.text)
    EXTI3_IRQHandler                         0x0800026d   Thumb Code     0  startup_stm32f407xx.o(.text)
    EXTI4_IRQHandler                         0x0800026d   Thumb Code     0  startup_stm32f407xx.o(.text)
    EXTI9_5_IRQHandler                       0x0800026d   Thumb Code     0  startup_stm32f407xx.o(.text)
    FLASH_IRQHandler                         0x0800026d   Thumb Code     0  startup_stm32f407xx.o(.text)
    FMC_IRQHandler                           0x0800026d   Thumb Code     0  startup_stm32f407xx.o(.text)
    FPU_IRQHandler                           0x0800026d   Thumb Code     0  startup_stm32f407xx.o(.text)
    HASH_RNG_IRQHandler                      0x0800026d   Thumb Code     0  startup_stm32f407xx.o(.text)
    I2C1_ER_IRQHandler                       0x0800026d   Thumb Code     0  startup_stm32f407xx.o(.text)
    I2C1_EV_IRQHandler                       0x0800026d   Thumb Code     0  startup_stm32f407xx.o(.text)
    I2C2_ER_IRQHandler                       0x0800026d   Thumb Code     0  startup_stm32f407xx.o(.text)
    I2C2_EV_IRQHandler                       0x0800026d   Thumb Code     0  startup_stm32f407xx.o(.text)
    I2C3_ER_IRQHandler                       0x0800026d   Thumb Code     0  startup_stm32f407xx.o(.text)
    I2C3_EV_IRQHandler                       0x0800026d   Thumb Code     0  startup_stm32f407xx.o(.text)
    OTG_FS_IRQHandler                        0x0800026d   Thumb Code     0  startup_stm32f407xx.o(.text)
    OTG_FS_WKUP_IRQHandler                   0x0800026d   Thumb Code     0  startup_stm32f407xx.o(.text)
    OTG_HS_EP1_IN_IRQHandler                 0x0800026d   Thumb Code     0  startup_stm32f407xx.o(.text)
    OTG_HS_EP1_OUT_IRQHandler                0x0800026d   Thumb Code     0  startup_stm32f407xx.o(.text)
    OTG_HS_IRQHandler                        0x0800026d   Thumb Code     0  startup_stm32f407xx.o(.text)
    OTG_HS_WKUP_IRQHandler                   0x0800026d   Thumb Code     0  startup_stm32f407xx.o(.text)
    PVD_IRQHandler                           0x0800026d   Thumb Code     0  startup_stm32f407xx.o(.text)
    RCC_IRQHandler                           0x0800026d   Thumb Code     0  startup_stm32f407xx.o(.text)
    RTC_Alarm_IRQHandler                     0x0800026d   Thumb Code     0  startup_stm32f407xx.o(.text)
    RTC_WKUP_IRQHandler                      0x0800026d   Thumb Code     0  startup_stm32f407xx.o(.text)
    SDIO_IRQHandler                          0x0800026d   Thumb Code     0  startup_stm32f407xx.o(.text)
    SPI1_IRQHandler                          0x0800026d   Thumb Code     0  startup_stm32f407xx.o(.text)
    SPI2_IRQHandler                          0x0800026d   Thumb Code     0  startup_stm32f407xx.o(.text)
    SPI3_IRQHandler                          0x0800026d   Thumb Code     0  startup_stm32f407xx.o(.text)
    TAMP_STAMP_IRQHandler                    0x0800026d   Thumb Code     0  startup_stm32f407xx.o(.text)
    TIM1_BRK_TIM9_IRQHandler                 0x0800026d   Thumb Code     0  startup_stm32f407xx.o(.text)
    TIM1_CC_IRQHandler                       0x0800026d   Thumb Code     0  startup_stm32f407xx.o(.text)
    TIM1_TRG_COM_TIM11_IRQHandler            0x0800026d   Thumb Code     0  startup_stm32f407xx.o(.text)
    TIM1_UP_TIM10_IRQHandler                 0x0800026d   Thumb Code     0  startup_stm32f407xx.o(.text)
    TIM2_IRQHandler                          0x0800026d   Thumb Code     0  startup_stm32f407xx.o(.text)
    TIM3_IRQHandler                          0x0800026d   Thumb Code     0  startup_stm32f407xx.o(.text)
    TIM4_IRQHandler                          0x0800026d   Thumb Code     0  startup_stm32f407xx.o(.text)
    TIM5_IRQHandler                          0x0800026d   Thumb Code     0  startup_stm32f407xx.o(.text)
    TIM7_IRQHandler                          0x0800026d   Thumb Code     0  startup_stm32f407xx.o(.text)
    TIM8_BRK_TIM12_IRQHandler                0x0800026d   Thumb Code     0  startup_stm32f407xx.o(.text)
    TIM8_CC_IRQHandler                       0x0800026d   Thumb Code     0  startup_stm32f407xx.o(.text)
    TIM8_TRG_COM_TIM14_IRQHandler            0x0800026d   Thumb Code     0  startup_stm32f407xx.o(.text)
    TIM8_UP_TIM13_IRQHandler                 0x0800026d   Thumb Code     0  startup_stm32f407xx.o(.text)
    UART4_IRQHandler                         0x0800026d   Thumb Code     0  startup_stm32f407xx.o(.text)
    UART5_IRQHandler                         0x0800026d   Thumb Code     0  startup_stm32f407xx.o(.text)
    USART2_IRQHandler                        0x0800026d   Thumb Code     0  startup_stm32f407xx.o(.text)
    USART3_IRQHandler                        0x0800026d   Thumb Code     0  startup_stm32f407xx.o(.text)
    USART6_IRQHandler                        0x0800026d   Thumb Code     0  startup_stm32f407xx.o(.text)
    WWDG_IRQHandler                          0x0800026d   Thumb Code     0  startup_stm32f407xx.o(.text)
    __user_initial_stackheap                 0x08000271   Thumb Code     0  startup_stm32f407xx.o(.text)
    __use_no_semihosting                     0x08000295   Thumb Code     2  use_no_semi_2.o(.text)
    malloc                                   0x08000297   Thumb Code    94  h1_alloc.o(.text)
    free                                     0x080002f5   Thumb Code    78  h1_free.o(.text)
    __aeabi_uldivmod                         0x08000343   Thumb Code     0  lludivv7m.o(.text)
    _ll_udiv                                 0x08000343   Thumb Code   238  lludivv7m.o(.text)
    __2printf                                0x08000431   Thumb Code    20  noretval__2printf.o(.text)
    __printf                                 0x08000449   Thumb Code   104  __printf.o(.text)
    __aeabi_memclr4                          0x080004b1   Thumb Code     0  rt_memclr_w.o(.text)
    __aeabi_memclr8                          0x080004b1   Thumb Code     0  rt_memclr_w.o(.text)
    __rt_memclr_w                            0x080004b1   Thumb Code    78  rt_memclr_w.o(.text)
    _memset_w                                0x080004b5   Thumb Code     0  rt_memclr_w.o(.text)
    __use_two_region_memory                  0x080004ff   Thumb Code     2  heapauxi.o(.text)
    __rt_heap_escrow                         0x08000501   Thumb Code     2  heapauxi.o(.text)
    __rt_heap_expand                         0x08000503   Thumb Code     2  heapauxi.o(.text)
    __semihosting$guard                      0x08000505   Thumb Code     0  use_no_semi.o(.text)
    __use_no_semihosting_swi                 0x08000505   Thumb Code     2  use_no_semi.o(.text)
    __rt_heap_descriptor                     0x08000509   Thumb Code     8  rt_heap_descriptor_intlibspace.o(.text)
    __use_no_heap                            0x08000511   Thumb Code     2  hguard.o(.text)
    __heap$guard                             0x08000513   Thumb Code     2  hguard.o(.text)
    _terminate_user_alloc                    0x08000515   Thumb Code     2  init_alloc.o(.text)
    _init_user_alloc                         0x08000517   Thumb Code     2  init_alloc.o(.text)
    __Heap_Full                              0x08000519   Thumb Code    34  init_alloc.o(.text)
    __Heap_Broken                            0x0800053b   Thumb Code     6  init_alloc.o(.text)
    _init_alloc                              0x08000541   Thumb Code    94  init_alloc.o(.text)
    __Heap_Initialize                        0x0800059f   Thumb Code    10  h1_init.o(.text)
    __Heap_DescSize                          0x080005a9   Thumb Code     4  h1_init.o(.text)
    __read_errno                             0x080005ad   Thumb Code    10  _rserrno.o(.text)
    __set_errno                              0x080005b7   Thumb Code    12  _rserrno.o(.text)
    __lib_sel_fp_printf                      0x080005c3   Thumb Code     2  _printf_fp_dec.o(.text)
    _printf_fp_dec_real                      0x08000775   Thumb Code   620  _printf_fp_dec.o(.text)
    _printf_char_file                        0x080009e1   Thumb Code    32  _printf_char_file.o(.text)
    __user_libspace                          0x08000a05   Thumb Code     8  libspace.o(.text)
    __user_perproc_libspace                  0x08000a05   Thumb Code     0  libspace.o(.text)
    __user_perthread_libspace                0x08000a05   Thumb Code     0  libspace.o(.text)
    __rt_locale                              0x08000a0d   Thumb Code     8  rt_locale_intlibspace.o(.text)
    __aeabi_errno_addr                       0x08000a15   Thumb Code     8  rt_errno_addr_intlibspace.o(.text)
    __errno$intlibspace                      0x08000a15   Thumb Code     0  rt_errno_addr_intlibspace.o(.text)
    __rt_errno_addr$intlibspace              0x08000a15   Thumb Code     0  rt_errno_addr_intlibspace.o(.text)
    __Heap_ProvideMemory                     0x08000a1d   Thumb Code    52  h1_extend.o(.text)
    _ll_udiv10                               0x08000a51   Thumb Code   138  lludiv10.o(.text)
    _printf_char_common                      0x08000ae7   Thumb Code    32  _printf_char_common.o(.text)
    _printf_fp_infnan                        0x08000b0d   Thumb Code   112  _printf_fp_infnan.o(.text)
    _btod_etento                             0x08000b8d   Thumb Code   224  bigflt0.o(.text)
    ferror                                   0x08000c71   Thumb Code     8  ferror.o(.text)
    __rt_SIGRTMEM                            0x08000c79   Thumb Code    14  defsig_rtmem_outer.o(.text)
    __user_setup_stackheap                   0x08000c87   Thumb Code    74  sys_stackheap_outer.o(.text)
    exit                                     0x08000cd1   Thumb Code    18  exit.o(.text)
    __sig_exit                               0x08000ce3   Thumb Code    10  defsig_exit.o(.text)
    __rt_SIGRTMEM_inner                      0x08000ced   Thumb Code    22  defsig_rtmem_inner.o(.text)
    strcmp                                   0x08000d3d   Thumb Code   128  strcmpv7m.o(.text)
    __default_signal_display                 0x08000dbd   Thumb Code    50  defsig_general.o(.text)
    _btod_d2e                                0x08000def   Thumb Code    62  btod.o(CL$$btod_d2e)
    _d2e_denorm_low                          0x08000e2d   Thumb Code    70  btod.o(CL$$btod_d2e_denorm_low)
    _d2e_norm_op1                            0x08000e73   Thumb Code    96  btod.o(CL$$btod_d2e_norm_op1)
    __btod_div_common                        0x08000ed3   Thumb Code   696  btod.o(CL$$btod_div_common)
    _e2e                                     0x0800120b   Thumb Code   220  btod.o(CL$$btod_e2e)
    _btod_ediv                               0x080012e7   Thumb Code    42  btod.o(CL$$btod_ediv)
    _btod_emul                               0x08001311   Thumb Code    42  btod.o(CL$$btod_emul)
    __btod_mult_common                       0x0800133b   Thumb Code   580  btod.o(CL$$btod_mult_common)
    BusFault_Handler                         0x0800157f   Thumb Code     4  stm32f4xx_it.o(i.BusFault_Handler)
    DebugMon_Handler                         0x08001583   Thumb Code     2  stm32f4xx_it.o(i.DebugMon_Handler)
    HAL_DMA_Abort                            0x08001585   Thumb Code   170  stm32f4xx_hal_dma.o(i.HAL_DMA_Abort)
    HAL_DMA_Abort_IT                         0x0800162f   Thumb Code    40  stm32f4xx_hal_dma.o(i.HAL_DMA_Abort_IT)
    HAL_GPIO_Init                            0x08001659   Thumb Code   470  stm32f4xx_hal_gpio.o(i.HAL_GPIO_Init)
    HAL_GPIO_WritePin                        0x0800185d   Thumb Code    12  stm32f4xx_hal_gpio.o(i.HAL_GPIO_WritePin)
    HAL_GetTick                              0x08001869   Thumb Code     6  stm32f4xx_hal.o(i.HAL_GetTick)
    HAL_IncTick                              0x08001875   Thumb Code    16  stm32f4xx_hal.o(i.HAL_IncTick)
    HAL_Init                                 0x0800188d   Thumb Code    54  stm32f4xx_hal.o(i.HAL_Init)
    HAL_InitTick                             0x080018c9   Thumb Code    64  stm32f4xx_hal.o(i.HAL_InitTick)
    HAL_MspInit                              0x08001915   Thumb Code     2  stm32f4xx_hal.o(i.HAL_MspInit)
    HAL_NVIC_EnableIRQ                       0x08001917   Thumb Code    32  stm32f4xx_hal_cortex.o(i.HAL_NVIC_EnableIRQ)
    HAL_NVIC_SetPriority                     0x08001937   Thumb Code   124  stm32f4xx_hal_cortex.o(i.HAL_NVIC_SetPriority)
    HAL_NVIC_SetPriorityGrouping             0x080019b5   Thumb Code    32  stm32f4xx_hal_cortex.o(i.HAL_NVIC_SetPriorityGrouping)
    HAL_RCC_ClockConfig                      0x080019dd   Thumb Code   368  stm32f4xx_hal_rcc.o(i.HAL_RCC_ClockConfig)
    HAL_RCC_GetHCLKFreq                      0x08001b61   Thumb Code     6  stm32f4xx_hal_rcc.o(i.HAL_RCC_GetHCLKFreq)
    HAL_RCC_GetPCLK1Freq                     0x08001b6d   Thumb Code    22  stm32f4xx_hal_rcc.o(i.HAL_RCC_GetPCLK1Freq)
    HAL_RCC_GetPCLK2Freq                     0x08001b8d   Thumb Code    22  stm32f4xx_hal_rcc.o(i.HAL_RCC_GetPCLK2Freq)
    HAL_RCC_GetSysClockFreq                  0x08001bad   Thumb Code   162  stm32f4xx_hal_rcc.o(i.HAL_RCC_GetSysClockFreq)
    HAL_RCC_OscConfig                        0x08001c5d   Thumb Code  1172  stm32f4xx_hal_rcc.o(i.HAL_RCC_OscConfig)
    HAL_SPI_Init                             0x080020f9   Thumb Code   222  stm32f4xx_hal_spi.o(i.HAL_SPI_Init)
    HAL_SPI_MspInit                          0x080021d9   Thumb Code   198  spi.o(i.HAL_SPI_MspInit)
    HAL_SPI_TransmitReceive                  0x080022b1   Thumb Code   722  stm32f4xx_hal_spi.o(i.HAL_SPI_TransmitReceive)
    HAL_SYSTICK_Config                       0x08002583   Thumb Code    52  stm32f4xx_hal_cortex.o(i.HAL_SYSTICK_Config)
    HAL_TIMEx_BreakCallback                  0x080025b7   Thumb Code     2  stm32f4xx_hal_tim_ex.o(i.HAL_TIMEx_BreakCallback)
    HAL_TIMEx_CommutCallback                 0x080025b9   Thumb Code     2  stm32f4xx_hal_tim_ex.o(i.HAL_TIMEx_CommutCallback)
    HAL_TIM_Base_Init                        0x080025bb   Thumb Code   102  stm32f4xx_hal_tim.o(i.HAL_TIM_Base_Init)
    HAL_TIM_Base_MspInit                     0x08002621   Thumb Code    62  btim.o(i.HAL_TIM_Base_MspInit)
    HAL_TIM_Base_Start_IT                    0x08002669   Thumb Code   138  stm32f4xx_hal_tim.o(i.HAL_TIM_Base_Start_IT)
    HAL_TIM_IC_CaptureCallback               0x08002711   Thumb Code     2  stm32f4xx_hal_tim.o(i.HAL_TIM_IC_CaptureCallback)
    HAL_TIM_IRQHandler                       0x08002713   Thumb Code   406  stm32f4xx_hal_tim.o(i.HAL_TIM_IRQHandler)
    HAL_TIM_OC_DelayElapsedCallback          0x080028a9   Thumb Code     2  stm32f4xx_hal_tim.o(i.HAL_TIM_OC_DelayElapsedCallback)
    HAL_TIM_PWM_PulseFinishedCallback        0x080028ab   Thumb Code     2  stm32f4xx_hal_tim.o(i.HAL_TIM_PWM_PulseFinishedCallback)
    HAL_TIM_PeriodElapsedCallback            0x080028ad   Thumb Code   218  btim.o(i.HAL_TIM_PeriodElapsedCallback)
    HAL_TIM_TriggerCallback                  0x080029c1   Thumb Code     2  stm32f4xx_hal_tim.o(i.HAL_TIM_TriggerCallback)
    HAL_UARTEx_RxEventCallback               0x080029c3   Thumb Code     2  stm32f4xx_hal_uart.o(i.HAL_UARTEx_RxEventCallback)
    HAL_UART_ErrorCallback                   0x080029c5   Thumb Code     2  stm32f4xx_hal_uart.o(i.HAL_UART_ErrorCallback)
    HAL_UART_IRQHandler                      0x080029c9   Thumb Code   586  stm32f4xx_hal_uart.o(i.HAL_UART_IRQHandler)
    HAL_UART_Init                            0x08002c19   Thumb Code   114  stm32f4xx_hal_uart.o(i.HAL_UART_Init)
    HAL_UART_MspInit                         0x08002c8d   Thumb Code   190  usart.o(i.HAL_UART_MspInit)
    HAL_UART_Receive_IT                      0x08002d59   Thumb Code    66  stm32f4xx_hal_uart.o(i.HAL_UART_Receive_IT)
    HAL_UART_RxCpltCallback                  0x08002d9d   Thumb Code   134  usart.o(i.HAL_UART_RxCpltCallback)
    HAL_UART_TxCpltCallback                  0x08002e39   Thumb Code     2  stm32f4xx_hal_uart.o(i.HAL_UART_TxCpltCallback)
    HardFault_Handler                        0x08002e3b   Thumb Code     4  stm32f4xx_it.o(i.HardFault_Handler)
    MahonyAHRSinit                           0x08002e41   Thumb Code   694  mahony.o(i.MahonyAHRSinit)
    MahonyAHRSupdateIMU                      0x0800310d   Thumb Code   826  mahony.o(i.MahonyAHRSupdateIMU)
    Mahony_Init                              0x08003471   Thumb Code   102  mahony.o(i.Mahony_Init)
    Mahony_computeAngles                     0x08003509   Thumb Code   270  mahony.o(i.Mahony_computeAngles)
    Mahony_invSqrt                           0x08003639   Thumb Code    76  mahony.o(i.Mahony_invSqrt)
    Mahony_update                            0x08003689   Thumb Code  1526  mahony.o(i.Mahony_update)
    MemManage_Handler                        0x08003c95   Thumb Code     4  stm32f4xx_it.o(i.MemManage_Handler)
    NMI_Handler                              0x08003c99   Thumb Code     2  stm32f4xx_it.o(i.NMI_Handler)
    PendSV_Handler                           0x08003c9b   Thumb Code     2  stm32f4xx_it.o(i.PendSV_Handler)
    SPI2_ReadWriteBytes                      0x08003c9d   Thumb Code   178  icm.o(i.SPI2_ReadWriteBytes)
    SVC_Handler                              0x08003e9d   Thumb Code     2  stm32f4xx_it.o(i.SVC_Handler)
    SysTick_Handler                          0x08003e9f   Thumb Code     8  stm32f4xx_it.o(i.SysTick_Handler)
    SystemInit                               0x08003ea9   Thumb Code    14  system_stm32f4xx.o(i.SystemInit)
    TIM6_DAC_IRQHandler                      0x08003ebd   Thumb Code    10  btim.o(i.TIM6_DAC_IRQHandler)
    TIM_Base_SetConfig                       0x08003ecd   Thumb Code   170  stm32f4xx_hal_tim.o(i.TIM_Base_SetConfig)
    UART_Start_Receive_IT                    0x080042f9   Thumb Code    70  stm32f4xx_hal_uart.o(i.UART_Start_Receive_IT)
    USART1_IRQHandler                        0x080043a1   Thumb Code    10  usart.o(i.USART1_IRQHandler)
    UsageFault_Handler                       0x080043b1   Thumb Code     4  stm32f4xx_it.o(i.UsageFault_Handler)
    __ARM_fpclassify                         0x080043b5   Thumb Code    48  fpclassify.o(i.__ARM_fpclassify)
    __ARM_fpclassifyf                        0x080043e5   Thumb Code    38  fpclassifyf.o(i.__ARM_fpclassifyf)
    __hardfp_asinf                           0x08004445   Thumb Code   258  asinf.o(i.__hardfp_asinf)
    __hardfp_atan2f                          0x08004571   Thumb Code   502  atan2f.o(i.__hardfp_atan2f)
    __hardfp_cosf                            0x080047c1   Thumb Code   280  cosf.o(i.__hardfp_cosf)
    __hardfp_sinf                            0x08004911   Thumb Code   344  sinf.o(i.__hardfp_sinf)
    __hardfp_sqrtf                           0x08004aa1   Thumb Code    58  sqrtf.o(i.__hardfp_sqrtf)
    __mathlib_flt_infnan                     0x08004adb   Thumb Code     6  funder.o(i.__mathlib_flt_infnan)
    __mathlib_flt_infnan2                    0x08004ae1   Thumb Code     6  funder.o(i.__mathlib_flt_infnan2)
    __mathlib_flt_invalid                    0x08004ae9   Thumb Code    10  funder.o(i.__mathlib_flt_invalid)
    __mathlib_flt_underflow                  0x08004af9   Thumb Code    10  funder.o(i.__mathlib_flt_underflow)
    __mathlib_rredf2                         0x08004b09   Thumb Code   316  rredf.o(i.__mathlib_rredf2)
    _sys_exit                                0x08004c5d   Thumb Code     4  usart.o(i._sys_exit)
    _ttywrch                                 0x08004c61   Thumb Code     4  usart.o(i._ttywrch)
    btim_tim6_cnt_init                       0x08004c65   Thumb Code    40  btim.o(i.btim_tim6_cnt_init)
    delay_init                               0x08004c95   Thumb Code     6  delay.o(i.delay_init)
    delay_ms                                 0x08004ca1   Thumb Code    18  delay.o(i.delay_ms)
    delay_us                                 0x08004cb5   Thumb Code    68  delay.o(i.delay_us)
    fputc                                    0x08004cfd   Thumb Code    22  usart.o(i.fputc)
    getPitch                                 0x08004d19   Thumb Code    20  mahony.o(i.getPitch)
    getRoll                                  0x08004d35   Thumb Code    20  mahony.o(i.getRoll)
    getYaw                                   0x08004d51   Thumb Code    20  mahony.o(i.getYaw)
    icm_cs_init                              0x08004d6d   Thumb Code    86  icm.o(i.icm_cs_init)
    icm_getdata                              0x08004dcd   Thumb Code   268  icm.o(i.icm_getdata)
    icm_init                                 0x08004ee5   Thumb Code   104  icm.o(i.icm_init)
    main                                     0x08004f75   Thumb Code   108  main.o(i.main)
    spi2_init                                0x08005001   Thumb Code    66  spi.o(i.spi2_init)
    sqrtf                                    0x0800504d   Thumb Code    62  sqrtf.o(i.sqrtf)
    sys_stm32_clock_init                     0x0800508d   Thumb Code   184  sys.o(i.sys_stm32_clock_init)
    usart_init                               0x0800514d   Thumb Code    44  usart.o(i.usart_init)
    _get_lc_numeric                          0x08005185   Thumb Code    44  lc_numeric_c.o(locale$$code)
    __fpl_dretinf                            0x080051b1   Thumb Code    12  dretinf.o(x$fpl$dretinf)
    __aeabi_f2d                              0x080051bd   Thumb Code     0  f2d.o(x$fpl$f2d)
    _f2d                                     0x080051bd   Thumb Code    86  f2d.o(x$fpl$f2d)
    __fpl_fnaninf                            0x08005213   Thumb Code   140  fnaninf.o(x$fpl$fnaninf)
    _fp_init                                 0x0800529f   Thumb Code    10  fpinit.o(x$fpl$fpinit)
    __fplib_config_fpu_vfp                   0x080052a7   Thumb Code     0  fpinit.o(x$fpl$fpinit)
    __fplib_config_pureend_doubles           0x080052a7   Thumb Code     0  fpinit.o(x$fpl$fpinit)
    _printf_fp_dec                           0x080052a9   Thumb Code     4  printf1.o(x$fpl$printf1)
    AHBPrescTable                            0x080052ac   Data          16  system_stm32f4xx.o(.constdata)
    __I$use$fp                               0x080052ac   Number         0  usenofp.o(x$fpl$usenofp)
    APBPrescTable                            0x080052bc   Data           8  system_stm32f4xx.o(.constdata)
    Region$$Table$$Base                      0x08005378   Number         0  anon$$obj.o(Region$$Table)
    Region$$Table$$Limit                     0x08005398   Number         0  anon$$obj.o(Region$$Table)
    SystemCoreClock                          0x20000000   Data           4  system_stm32f4xx.o(.data)
    twoKi                                    0x20000004   Data           4  mahony.o(.data)
    q0                                       0x20000008   Data           4  mahony.o(.data)
    q1                                       0x2000000c   Data           4  mahony.o(.data)
    q2                                       0x20000010   Data           4  mahony.o(.data)
    q3                                       0x20000014   Data           4  mahony.o(.data)
    integralFBx                              0x20000018   Data           4  mahony.o(.data)
    integralFBy                              0x2000001c   Data           4  mahony.o(.data)
    integralFBz                              0x20000020   Data           4  mahony.o(.data)
    invSampleFreq                            0x20000024   Data           4  mahony.o(.data)
    roll_mahony                              0x20000028   Data           4  mahony.o(.data)
    pitch_mahony                             0x2000002c   Data           4  mahony.o(.data)
    yaw_mahony                               0x20000030   Data           4  mahony.o(.data)
    anglesComputed                           0x20000034   Data           1  mahony.o(.data)
    ax                                       0x20000038   Data           4  btim.o(.data)
    ay                                       0x2000003c   Data           4  btim.o(.data)
    az                                       0x20000040   Data           4  btim.o(.data)
    gx                                       0x20000044   Data           4  btim.o(.data)
    gy                                       0x20000048   Data           4  btim.o(.data)
    gz                                       0x2000004c   Data           4  btim.o(.data)
    roll                                     0x20000050   Data           4  btim.o(.data)
    yaw                                      0x20000054   Data           4  btim.o(.data)
    pitch                                    0x20000058   Data           4  btim.o(.data)
    __stdout                                 0x20000060   Data           4  usart.o(.data)
    g_usart_rx_sta                           0x20000064   Data           2  usart.o(.data)
    g_rx_buffer                              0x20000066   Data           1  usart.o(.data)
    uwTick                                   0x20000068   Data           4  stm32f4xx_hal.o(.data)
    uwTickPrio                               0x2000006c   Data           4  stm32f4xx_hal.o(.data)
    uwTickFreq                               0x20000070   Data           1  stm32f4xx_hal.o(.data)
    g_spi2_handle                            0x20000074   Data          88  spi.o(.bss)
    g_tim6_cnt_handle                        0x200000cc   Data          72  btim.o(.bss)
    g_usart_rx_buf                           0x20000114   Data         200  usart.o(.bss)
    g_uart1_handle                           0x200001dc   Data          68  usart.o(.bss)
    __libspace_start                         0x20000220   Data          96  libspace.o(.bss)
    __temporary_stack_top$libspace           0x20000280   Data           0  libspace.o(.bss)



==============================================================================

Memory Map of the image

  Image Entry point : 0x08000189

  Load Region LR_IROM1 (Base: 0x08000000, Size: 0x00005428, Max: 0x00080000, ABSOLUTE)

    Execution Region ER_IROM1 (Exec base: 0x08000000, Load base: 0x08000000, Size: 0x000053b4, Max: 0x00080000, ABSOLUTE)

    Exec Addr    Load Addr    Size         Type   Attr      Idx    E Section Name        Object

    0x08000000   0x08000000   0x00000188   Data   RO            3    RESET               startup_stm32f407xx.o
    0x08000188   0x08000188   0x00000008   Code   RO         3962  * !!!main             c_w.l(__main.o)
    0x08000190   0x08000190   0x00000034   Code   RO         4319    !!!scatter          c_w.l(__scatter.o)
    0x080001c4   0x080001c4   0x0000001a   Code   RO         4321    !!handler_copy      c_w.l(__scatter_copy.o)
    0x080001de   0x080001de   0x00000002   PAD
    0x080001e0   0x080001e0   0x0000001c   Code   RO         4323    !!handler_zi        c_w.l(__scatter_zi.o)
    0x080001fc   0x080001fc   0x00000000   Code   RO         3957    .ARM.Collect$$_printf_percent$$00000000  c_w.l(_printf_percent.o)
    0x080001fc   0x080001fc   0x00000006   Code   RO         3956    .ARM.Collect$$_printf_percent$$00000003  c_w.l(_printf_f.o)
    0x08000202   0x08000202   0x00000004   Code   RO         4068    .ARM.Collect$$_printf_percent$$00000017  c_w.l(_printf_percent_end.o)
    0x08000206   0x08000206   0x00000002   Code   RO         4262    .ARM.Collect$$libinit$$00000000  c_w.l(libinit.o)
    0x08000208   0x08000208   0x00000004   Code   RO         4073    .ARM.Collect$$libinit$$00000001  c_w.l(libinit2.o)
    0x0800020c   0x0800020c   0x00000000   Code   RO         4076    .ARM.Collect$$libinit$$00000004  c_w.l(libinit2.o)
    0x0800020c   0x0800020c   0x00000008   Code   RO         4077    .ARM.Collect$$libinit$$00000005  c_w.l(libinit2.o)
    0x08000214   0x08000214   0x00000000   Code   RO         4079    .ARM.Collect$$libinit$$0000000A  c_w.l(libinit2.o)
    0x08000214   0x08000214   0x00000000   Code   RO         4081    .ARM.Collect$$libinit$$0000000C  c_w.l(libinit2.o)
    0x08000214   0x08000214   0x00000000   Code   RO         4083    .ARM.Collect$$libinit$$0000000E  c_w.l(libinit2.o)
    0x08000214   0x08000214   0x00000006   Code   RO         4084    .ARM.Collect$$libinit$$0000000F  c_w.l(libinit2.o)
    0x0800021a   0x0800021a   0x00000000   Code   RO         4086    .ARM.Collect$$libinit$$00000011  c_w.l(libinit2.o)
    0x0800021a   0x0800021a   0x00000000   Code   RO         4088    .ARM.Collect$$libinit$$00000013  c_w.l(libinit2.o)
    0x0800021a   0x0800021a   0x00000000   Code   RO         4090    .ARM.Collect$$libinit$$00000015  c_w.l(libinit2.o)
    0x0800021a   0x0800021a   0x0000000a   Code   RO         4091    .ARM.Collect$$libinit$$00000016  c_w.l(libinit2.o)
    0x08000224   0x08000224   0x00000000   Code   RO         4092    .ARM.Collect$$libinit$$00000017  c_w.l(libinit2.o)
    0x08000224   0x08000224   0x00000000   Code   RO         4094    .ARM.Collect$$libinit$$00000019  c_w.l(libinit2.o)
    0x08000224   0x08000224   0x00000000   Code   RO         4096    .ARM.Collect$$libinit$$0000001B  c_w.l(libinit2.o)
    0x08000224   0x08000224   0x00000000   Code   RO         4098    .ARM.Collect$$libinit$$0000001D  c_w.l(libinit2.o)
    0x08000224   0x08000224   0x00000000   Code   RO         4100    .ARM.Collect$$libinit$$0000001F  c_w.l(libinit2.o)
    0x08000224   0x08000224   0x00000000   Code   RO         4102    .ARM.Collect$$libinit$$00000021  c_w.l(libinit2.o)
    0x08000224   0x08000224   0x00000000   Code   RO         4104    .ARM.Collect$$libinit$$00000023  c_w.l(libinit2.o)
    0x08000224   0x08000224   0x00000000   Code   RO         4106    .ARM.Collect$$libinit$$00000025  c_w.l(libinit2.o)
    0x08000224   0x08000224   0x00000000   Code   RO         4110    .ARM.Collect$$libinit$$0000002C  c_w.l(libinit2.o)
    0x08000224   0x08000224   0x00000000   Code   RO         4112    .ARM.Collect$$libinit$$0000002E  c_w.l(libinit2.o)
    0x08000224   0x08000224   0x00000000   Code   RO         4114    .ARM.Collect$$libinit$$00000030  c_w.l(libinit2.o)
    0x08000224   0x08000224   0x00000000   Code   RO         4116    .ARM.Collect$$libinit$$00000032  c_w.l(libinit2.o)
    0x08000224   0x08000224   0x00000002   Code   RO         4117    .ARM.Collect$$libinit$$00000033  c_w.l(libinit2.o)
    0x08000226   0x08000226   0x00000002   Code   RO         4316    .ARM.Collect$$libshutdown$$00000000  c_w.l(libshutdown.o)
    0x08000228   0x08000228   0x00000000   Code   RO         4276    .ARM.Collect$$libshutdown$$00000002  c_w.l(libshutdown2.o)
    0x08000228   0x08000228   0x00000000   Code   RO         4278    .ARM.Collect$$libshutdown$$00000004  c_w.l(libshutdown2.o)
    0x08000228   0x08000228   0x00000000   Code   RO         4281    .ARM.Collect$$libshutdown$$00000007  c_w.l(libshutdown2.o)
    0x08000228   0x08000228   0x00000000   Code   RO         4284    .ARM.Collect$$libshutdown$$0000000A  c_w.l(libshutdown2.o)
    0x08000228   0x08000228   0x00000000   Code   RO         4286    .ARM.Collect$$libshutdown$$0000000C  c_w.l(libshutdown2.o)
    0x08000228   0x08000228   0x00000000   Code   RO         4289    .ARM.Collect$$libshutdown$$0000000F  c_w.l(libshutdown2.o)
    0x08000228   0x08000228   0x00000002   Code   RO         4290    .ARM.Collect$$libshutdown$$00000010  c_w.l(libshutdown2.o)
    0x0800022a   0x0800022a   0x00000000   Code   RO         4032    .ARM.Collect$$rtentry$$00000000  c_w.l(__rtentry.o)
    0x0800022a   0x0800022a   0x00000000   Code   RO         4146    .ARM.Collect$$rtentry$$00000002  c_w.l(__rtentry2.o)
    0x0800022a   0x0800022a   0x00000006   Code   RO         4158    .ARM.Collect$$rtentry$$00000004  c_w.l(__rtentry4.o)
    0x08000230   0x08000230   0x00000000   Code   RO         4148    .ARM.Collect$$rtentry$$00000009  c_w.l(__rtentry2.o)
    0x08000230   0x08000230   0x00000004   Code   RO         4149    .ARM.Collect$$rtentry$$0000000A  c_w.l(__rtentry2.o)
    0x08000234   0x08000234   0x00000000   Code   RO         4151    .ARM.Collect$$rtentry$$0000000C  c_w.l(__rtentry2.o)
    0x08000234   0x08000234   0x00000008   Code   RO         4152    .ARM.Collect$$rtentry$$0000000D  c_w.l(__rtentry2.o)
    0x0800023c   0x0800023c   0x00000002   Code   RO         4263    .ARM.Collect$$rtexit$$00000000  c_w.l(rtexit.o)
    0x0800023e   0x0800023e   0x00000000   Code   RO         4292    .ARM.Collect$$rtexit$$00000002  c_w.l(rtexit2.o)
    0x0800023e   0x0800023e   0x00000004   Code   RO         4293    .ARM.Collect$$rtexit$$00000003  c_w.l(rtexit2.o)
    0x08000242   0x08000242   0x00000006   Code   RO         4294    .ARM.Collect$$rtexit$$00000004  c_w.l(rtexit2.o)
    0x08000248   0x08000248   0x00000000   Code   RO         4174    .emb_text           c_w.l(maybetermalloc1.o)
    0x08000248   0x08000248   0x0000004c   Code   RO            4    .text               startup_stm32f407xx.o
    0x08000294   0x08000294   0x00000002   Code   RO         3864    .text               c_w.l(use_no_semi_2.o)
    0x08000296   0x08000296   0x0000005e   Code   RO         3870    .text               c_w.l(h1_alloc.o)
    0x080002f4   0x080002f4   0x0000004e   Code   RO         3872    .text               c_w.l(h1_free.o)
    0x08000342   0x08000342   0x000000ee   Code   RO         3928    .text               c_w.l(lludivv7m.o)
    0x08000430   0x08000430   0x00000018   Code   RO         3932    .text               c_w.l(noretval__2printf.o)
    0x08000448   0x08000448   0x00000068   Code   RO         3934    .text               c_w.l(__printf.o)
    0x080004b0   0x080004b0   0x0000004e   Code   RO         3958    .text               c_w.l(rt_memclr_w.o)
    0x080004fe   0x080004fe   0x00000006   Code   RO         3960    .text               c_w.l(heapauxi.o)
    0x08000504   0x08000504   0x00000002   Code   RO         4028    .text               c_w.l(use_no_semi.o)
    0x08000506   0x08000506   0x00000002   PAD
    0x08000508   0x08000508   0x00000008   Code   RO         4040    .text               c_w.l(rt_heap_descriptor_intlibspace.o)
    0x08000510   0x08000510   0x00000004   Code   RO         4042    .text               c_w.l(hguard.o)
    0x08000514   0x08000514   0x0000008a   Code   RO         4044    .text               c_w.l(init_alloc.o)
    0x0800059e   0x0800059e   0x0000000e   Code   RO         4048    .text               c_w.l(h1_init.o)
    0x080005ac   0x080005ac   0x00000016   Code   RO         4062    .text               c_w.l(_rserrno.o)
    0x080005c2   0x080005c2   0x0000041e   Code   RO         4064    .text               c_w.l(_printf_fp_dec.o)
    0x080009e0   0x080009e0   0x00000024   Code   RO         4066    .text               c_w.l(_printf_char_file.o)
    0x08000a04   0x08000a04   0x00000008   Code   RO         4142    .text               c_w.l(libspace.o)
    0x08000a0c   0x08000a0c   0x00000008   Code   RO         4165    .text               c_w.l(rt_locale_intlibspace.o)
    0x08000a14   0x08000a14   0x00000008   Code   RO         4170    .text               c_w.l(rt_errno_addr_intlibspace.o)
    0x08000a1c   0x08000a1c   0x00000034   Code   RO         4176    .text               c_w.l(h1_extend.o)
    0x08000a50   0x08000a50   0x0000008a   Code   RO         4180    .text               c_w.l(lludiv10.o)
    0x08000ada   0x08000ada   0x00000002   PAD
    0x08000adc   0x08000adc   0x00000030   Code   RO         4182    .text               c_w.l(_printf_char_common.o)
    0x08000b0c   0x08000b0c   0x00000080   Code   RO         4184    .text               c_w.l(_printf_fp_infnan.o)
    0x08000b8c   0x08000b8c   0x000000e4   Code   RO         4186    .text               c_w.l(bigflt0.o)
    0x08000c70   0x08000c70   0x00000008   Code   RO         4211    .text               c_w.l(ferror.o)
    0x08000c78   0x08000c78   0x0000000e   Code   RO         4218    .text               c_w.l(defsig_rtmem_outer.o)
    0x08000c86   0x08000c86   0x0000004a   Code   RO         4233    .text               c_w.l(sys_stackheap_outer.o)
    0x08000cd0   0x08000cd0   0x00000012   Code   RO         4241    .text               c_w.l(exit.o)
    0x08000ce2   0x08000ce2   0x0000000a   Code   RO         4243    .text               c_w.l(defsig_exit.o)
    0x08000cec   0x08000cec   0x00000050   Code   RO         4249    .text               c_w.l(defsig_rtmem_inner.o)
    0x08000d3c   0x08000d3c   0x00000080   Code   RO         4251    .text               c_w.l(strcmpv7m.o)
    0x08000dbc   0x08000dbc   0x00000032   Code   RO         4271    .text               c_w.l(defsig_general.o)
    0x08000dee   0x08000dee   0x0000003e   Code   RO         4189    CL$$btod_d2e        c_w.l(btod.o)
    0x08000e2c   0x08000e2c   0x00000046   Code   RO         4191    CL$$btod_d2e_denorm_low  c_w.l(btod.o)
    0x08000e72   0x08000e72   0x00000060   Code   RO         4190    CL$$btod_d2e_norm_op1  c_w.l(btod.o)
    0x08000ed2   0x08000ed2   0x00000338   Code   RO         4199    CL$$btod_div_common  c_w.l(btod.o)
    0x0800120a   0x0800120a   0x000000dc   Code   RO         4196    CL$$btod_e2e        c_w.l(btod.o)
    0x080012e6   0x080012e6   0x0000002a   Code   RO         4193    CL$$btod_ediv       c_w.l(btod.o)
    0x08001310   0x08001310   0x0000002a   Code   RO         4192    CL$$btod_emul       c_w.l(btod.o)
    0x0800133a   0x0800133a   0x00000244   Code   RO         4198    CL$$btod_mult_common  c_w.l(btod.o)
    0x0800157e   0x0800157e   0x00000004   Code   RO          273    i.BusFault_Handler  stm32f4xx_it.o
    0x08001582   0x08001582   0x00000002   Code   RO          274    i.DebugMon_Handler  stm32f4xx_it.o
    0x08001584   0x08001584   0x000000aa   Code   RO         1336    i.HAL_DMA_Abort     stm32f4xx_hal_dma.o
    0x0800162e   0x0800162e   0x00000028   Code   RO         1337    i.HAL_DMA_Abort_IT  stm32f4xx_hal_dma.o
    0x08001656   0x08001656   0x00000002   PAD
    0x08001658   0x08001658   0x00000204   Code   RO         3430    i.HAL_GPIO_Init     stm32f4xx_hal_gpio.o
    0x0800185c   0x0800185c   0x0000000c   Code   RO         3434    i.HAL_GPIO_WritePin  stm32f4xx_hal_gpio.o
    0x08001868   0x08001868   0x0000000c   Code   RO         1020    i.HAL_GetTick       stm32f4xx_hal.o
    0x08001874   0x08001874   0x00000018   Code   RO         1026    i.HAL_IncTick       stm32f4xx_hal.o
    0x0800188c   0x0800188c   0x0000003c   Code   RO         1027    i.HAL_Init          stm32f4xx_hal.o
    0x080018c8   0x080018c8   0x0000004c   Code   RO         1028    i.HAL_InitTick      stm32f4xx_hal.o
    0x08001914   0x08001914   0x00000002   Code   RO         1030    i.HAL_MspInit       stm32f4xx_hal.o
    0x08001916   0x08001916   0x00000020   Code   RO         1198    i.HAL_NVIC_EnableIRQ  stm32f4xx_hal_cortex.o
    0x08001936   0x08001936   0x0000007c   Code   RO         1204    i.HAL_NVIC_SetPriority  stm32f4xx_hal_cortex.o
    0x080019b2   0x080019b2   0x00000002   PAD
    0x080019b4   0x080019b4   0x00000028   Code   RO         1205    i.HAL_NVIC_SetPriorityGrouping  stm32f4xx_hal_cortex.o
    0x080019dc   0x080019dc   0x00000184   Code   RO         1481    i.HAL_RCC_ClockConfig  stm32f4xx_hal_rcc.o
    0x08001b60   0x08001b60   0x0000000c   Code   RO         1486    i.HAL_RCC_GetHCLKFreq  stm32f4xx_hal_rcc.o
    0x08001b6c   0x08001b6c   0x00000020   Code   RO         1488    i.HAL_RCC_GetPCLK1Freq  stm32f4xx_hal_rcc.o
    0x08001b8c   0x08001b8c   0x00000020   Code   RO         1489    i.HAL_RCC_GetPCLK2Freq  stm32f4xx_hal_rcc.o
    0x08001bac   0x08001bac   0x000000b0   Code   RO         1490    i.HAL_RCC_GetSysClockFreq  stm32f4xx_hal_rcc.o
    0x08001c5c   0x08001c5c   0x0000049c   Code   RO         1493    i.HAL_RCC_OscConfig  stm32f4xx_hal_rcc.o
    0x080020f8   0x080020f8   0x000000de   Code   RO         3534    i.HAL_SPI_Init      stm32f4xx_hal_spi.o
    0x080021d6   0x080021d6   0x00000002   PAD
    0x080021d8   0x080021d8   0x000000d8   Code   RO          586    i.HAL_SPI_MspInit   spi.o
    0x080022b0   0x080022b0   0x000002d2   Code   RO         3543    i.HAL_SPI_TransmitReceive  stm32f4xx_hal_spi.o
    0x08002582   0x08002582   0x00000034   Code   RO         1209    i.HAL_SYSTICK_Config  stm32f4xx_hal_cortex.o
    0x080025b6   0x080025b6   0x00000002   Code   RO         3160    i.HAL_TIMEx_BreakCallback  stm32f4xx_hal_tim_ex.o
    0x080025b8   0x080025b8   0x00000002   Code   RO         3161    i.HAL_TIMEx_CommutCallback  stm32f4xx_hal_tim_ex.o
    0x080025ba   0x080025ba   0x00000066   Code   RO         2445    i.HAL_TIM_Base_Init  stm32f4xx_hal_tim.o
    0x08002620   0x08002620   0x00000048   Code   RO          764    i.HAL_TIM_Base_MspInit  btim.o
    0x08002668   0x08002668   0x000000a8   Code   RO         2450    i.HAL_TIM_Base_Start_IT  stm32f4xx_hal_tim.o
    0x08002710   0x08002710   0x00000002   Code   RO         2479    i.HAL_TIM_IC_CaptureCallback  stm32f4xx_hal_tim.o
    0x08002712   0x08002712   0x00000196   Code   RO         2493    i.HAL_TIM_IRQHandler  stm32f4xx_hal_tim.o
    0x080028a8   0x080028a8   0x00000002   Code   RO         2496    i.HAL_TIM_OC_DelayElapsedCallback  stm32f4xx_hal_tim.o
    0x080028aa   0x080028aa   0x00000002   Code   RO         2523    i.HAL_TIM_PWM_PulseFinishedCallback  stm32f4xx_hal_tim.o
    0x080028ac   0x080028ac   0x00000114   Code   RO          765    i.HAL_TIM_PeriodElapsedCallback  btim.o
    0x080029c0   0x080029c0   0x00000002   Code   RO         2536    i.HAL_TIM_TriggerCallback  stm32f4xx_hal_tim.o
    0x080029c2   0x080029c2   0x00000002   Code   RO         1647    i.HAL_UARTEx_RxEventCallback  stm32f4xx_hal_uart.o
    0x080029c4   0x080029c4   0x00000002   Code   RO         1661    i.HAL_UART_ErrorCallback  stm32f4xx_hal_uart.o
    0x080029c6   0x080029c6   0x00000002   PAD
    0x080029c8   0x080029c8   0x00000250   Code   RO         1664    i.HAL_UART_IRQHandler  stm32f4xx_hal_uart.o
    0x08002c18   0x08002c18   0x00000072   Code   RO         1665    i.HAL_UART_Init     stm32f4xx_hal_uart.o
    0x08002c8a   0x08002c8a   0x00000002   PAD
    0x08002c8c   0x08002c8c   0x000000cc   Code   RO          930    i.HAL_UART_MspInit  usart.o
    0x08002d58   0x08002d58   0x00000042   Code   RO         1670    i.HAL_UART_Receive_IT  stm32f4xx_hal_uart.o
    0x08002d9a   0x08002d9a   0x00000002   PAD
    0x08002d9c   0x08002d9c   0x0000009c   Code   RO          931    i.HAL_UART_RxCpltCallback  usart.o
    0x08002e38   0x08002e38   0x00000002   Code   RO         1676    i.HAL_UART_TxCpltCallback  stm32f4xx_hal_uart.o
    0x08002e3a   0x08002e3a   0x00000004   Code   RO          275    i.HardFault_Handler  stm32f4xx_it.o
    0x08002e3e   0x08002e3e   0x00000002   PAD
    0x08002e40   0x08002e40   0x000002cc   Code   RO          689    i.MahonyAHRSinit    mahony.o
    0x0800310c   0x0800310c   0x00000364   Code   RO          690    i.MahonyAHRSupdateIMU  mahony.o
    0x08003470   0x08003470   0x00000098   Code   RO          691    i.Mahony_Init       mahony.o
    0x08003508   0x08003508   0x00000130   Code   RO          692    i.Mahony_computeAngles  mahony.o
    0x08003638   0x08003638   0x00000050   Code   RO          693    i.Mahony_invSqrt    mahony.o
    0x08003688   0x08003688   0x0000060c   Code   RO          694    i.Mahony_update     mahony.o
    0x08003c94   0x08003c94   0x00000004   Code   RO          276    i.MemManage_Handler  stm32f4xx_it.o
    0x08003c98   0x08003c98   0x00000002   Code   RO          277    i.NMI_Handler       stm32f4xx_it.o
    0x08003c9a   0x08003c9a   0x00000002   Code   RO          278    i.PendSV_Handler    stm32f4xx_it.o
    0x08003c9c   0x08003c9c   0x000000bc   Code   RO          632    i.SPI2_ReadWriteBytes  icm.o
    0x08003d58   0x08003d58   0x0000006c   Code   RO         3574    i.SPI_EndRxTxTransaction  stm32f4xx_hal_spi.o
    0x08003dc4   0x08003dc4   0x000000d8   Code   RO         3581    i.SPI_WaitFlagStateUntilTimeout  stm32f4xx_hal_spi.o
    0x08003e9c   0x08003e9c   0x00000002   Code   RO          279    i.SVC_Handler       stm32f4xx_it.o
    0x08003e9e   0x08003e9e   0x00000008   Code   RO          280    i.SysTick_Handler   stm32f4xx_it.o
    0x08003ea6   0x08003ea6   0x00000002   PAD
    0x08003ea8   0x08003ea8   0x00000014   Code   RO          550    i.SystemInit        system_stm32f4xx.o
    0x08003ebc   0x08003ebc   0x00000010   Code   RO          766    i.TIM6_DAC_IRQHandler  btim.o
    0x08003ecc   0x08003ecc   0x000000d8   Code   RO         2538    i.TIM_Base_SetConfig  stm32f4xx_hal_tim.o
    0x08003fa4   0x08003fa4   0x00000014   Code   RO         1678    i.UART_DMAAbortOnError  stm32f4xx_hal_uart.o
    0x08003fb8   0x08003fb8   0x00000036   Code   RO         1688    i.UART_EndRxTransfer  stm32f4xx_hal_uart.o
    0x08003fee   0x08003fee   0x00000020   Code   RO         1689    i.UART_EndTransmit_IT  stm32f4xx_hal_uart.o
    0x0800400e   0x0800400e   0x000000be   Code   RO         1691    i.UART_Receive_IT   stm32f4xx_hal_uart.o
    0x080040cc   0x080040cc   0x0000022c   Code   RO         1692    i.UART_SetConfig    stm32f4xx_hal_uart.o
    0x080042f8   0x080042f8   0x00000046   Code   RO         1694    i.UART_Start_Receive_IT  stm32f4xx_hal_uart.o
    0x0800433e   0x0800433e   0x00000060   Code   RO         1695    i.UART_Transmit_IT  stm32f4xx_hal_uart.o
    0x0800439e   0x0800439e   0x00000002   PAD
    0x080043a0   0x080043a0   0x00000010   Code   RO          932    i.USART1_IRQHandler  usart.o
    0x080043b0   0x080043b0   0x00000004   Code   RO          281    i.UsageFault_Handler  stm32f4xx_it.o
    0x080043b4   0x080043b4   0x00000030   Code   RO         4231    i.__ARM_fpclassify  m_wm.l(fpclassify.o)
    0x080043e4   0x080043e4   0x00000026   Code   RO         4123    i.__ARM_fpclassifyf  m_wm.l(fpclassifyf.o)
    0x0800440a   0x0800440a   0x00000002   PAD
    0x0800440c   0x0800440c   0x00000010   Code   RO         1211    i.__NVIC_GetPriorityGrouping  stm32f4xx_hal_cortex.o
    0x0800441c   0x0800441c   0x00000028   Code   RO         1212    i.__NVIC_SetPriority  stm32f4xx_hal_cortex.o
    0x08004444   0x08004444   0x0000012c   Code   RO         3968    i.__hardfp_asinf    m_wm.l(asinf.o)
    0x08004570   0x08004570   0x00000250   Code   RO         3980    i.__hardfp_atan2f   m_wm.l(atan2f.o)
    0x080047c0   0x080047c0   0x00000150   Code   RO         3992    i.__hardfp_cosf     m_wm.l(cosf.o)
    0x08004910   0x08004910   0x00000190   Code   RO         4004    i.__hardfp_sinf     m_wm.l(sinf.o)
    0x08004aa0   0x08004aa0   0x0000003a   Code   RO         4016    i.__hardfp_sqrtf    m_wm.l(sqrtf.o)
    0x08004ada   0x08004ada   0x00000006   Code   RO         4126    i.__mathlib_flt_infnan  m_wm.l(funder.o)
    0x08004ae0   0x08004ae0   0x00000006   Code   RO         4127    i.__mathlib_flt_infnan2  m_wm.l(funder.o)
    0x08004ae6   0x08004ae6   0x00000002   PAD
    0x08004ae8   0x08004ae8   0x00000010   Code   RO         4128    i.__mathlib_flt_invalid  m_wm.l(funder.o)
    0x08004af8   0x08004af8   0x00000010   Code   RO         4131    i.__mathlib_flt_underflow  m_wm.l(funder.o)
    0x08004b08   0x08004b08   0x00000154   Code   RO         4139    i.__mathlib_rredf2  m_wm.l(rredf.o)
    0x08004c5c   0x08004c5c   0x00000004   Code   RO          934    i._sys_exit         usart.o
    0x08004c60   0x08004c60   0x00000004   Code   RO          935    i._ttywrch          usart.o
    0x08004c64   0x08004c64   0x00000030   Code   RO          767    i.btim_tim6_cnt_init  btim.o
    0x08004c94   0x08004c94   0x0000000c   Code   RO          814    i.delay_init        delay.o
    0x08004ca0   0x08004ca0   0x00000012   Code   RO          815    i.delay_ms          delay.o
    0x08004cb2   0x08004cb2   0x00000002   PAD
    0x08004cb4   0x08004cb4   0x00000048   Code   RO          816    i.delay_us          delay.o
    0x08004cfc   0x08004cfc   0x0000001c   Code   RO          936    i.fputc             usart.o
    0x08004d18   0x08004d18   0x0000001c   Code   RO          695    i.getPitch          mahony.o
    0x08004d34   0x08004d34   0x0000001c   Code   RO          696    i.getRoll           mahony.o
    0x08004d50   0x08004d50   0x0000001c   Code   RO          697    i.getYaw            mahony.o
    0x08004d6c   0x08004d6c   0x00000060   Code   RO          633    i.icm_cs_init       icm.o
    0x08004dcc   0x08004dcc   0x00000118   Code   RO          634    i.icm_getdata       icm.o
    0x08004ee4   0x08004ee4   0x00000068   Code   RO          635    i.icm_init          icm.o
    0x08004f4c   0x08004f4c   0x00000028   Code   RO          698    i.invSqrt           mahony.o
    0x08004f74   0x08004f74   0x0000008c   Code   RO           13    i.main              main.o
    0x08005000   0x08005000   0x0000004c   Code   RO          587    i.spi2_init         spi.o
    0x0800504c   0x0800504c   0x0000003e   Code   RO         4018    i.sqrtf             m_wm.l(sqrtf.o)
    0x0800508a   0x0800508a   0x00000002   PAD
    0x0800508c   0x0800508c   0x000000c0   Code   RO          863    i.sys_stm32_clock_init  sys.o
    0x0800514c   0x0800514c   0x00000038   Code   RO          937    i.usart_init        usart.o
    0x08005184   0x08005184   0x0000002c   Code   RO         4216    locale$$code        c_w.l(lc_numeric_c.o)
    0x080051b0   0x080051b0   0x0000000c   Code   RO         4118    x$fpl$dretinf       fz_wm.l(dretinf.o)
    0x080051bc   0x080051bc   0x00000056   Code   RO         3964    x$fpl$f2d           fz_wm.l(f2d.o)
    0x08005212   0x08005212   0x0000008c   Code   RO         4120    x$fpl$fnaninf       fz_wm.l(fnaninf.o)
    0x0800529e   0x0800529e   0x0000000a   Code   RO         4227    x$fpl$fpinit        fz_wm.l(fpinit.o)
    0x080052a8   0x080052a8   0x00000004   Code   RO         3966    x$fpl$printf1       fz_wm.l(printf1.o)
    0x080052ac   0x080052ac   0x00000000   Code   RO         4122    x$fpl$usenofp       fz_wm.l(usenofp.o)
    0x080052ac   0x080052ac   0x00000018   Data   RO          551    .constdata          system_stm32f4xx.o
    0x080052c4   0x080052c4   0x00000020   Data   RO         4140    .constdata          m_wm.l(rredf.o)
    0x080052e4   0x080052e4   0x00000094   Data   RO         4187    .constdata          c_w.l(bigflt0.o)
    0x08005378   0x08005378   0x00000020   Data   RO         4317    Region$$Table       anon$$obj.o
    0x08005398   0x08005398   0x0000001c   Data   RO         4215    locale$$data        c_w.l(lc_numeric_c.o)


    Execution Region RW_IRAM1 (Exec base: 0x20000000, Load base: 0x080053b4, Size: 0x00000680, Max: 0x00020000, ABSOLUTE)

    Exec Addr    Load Addr    Size         Type   Attr      Idx    E Section Name        Object

    0x20000000   0x080053b4   0x00000004   Data   RW          552    .data               system_stm32f4xx.o
    0x20000004   0x080053b8   0x00000031   Data   RW          699    .data               mahony.o
    0x20000035   0x080053e9   0x00000003   PAD
    0x20000038   0x080053ec   0x00000024   Data   RW          769    .data               btim.o
    0x2000005c   0x08005410   0x00000004   Data   RW          817    .data               delay.o
    0x20000060   0x08005414   0x00000007   Data   RW          939    .data               usart.o
    0x20000067   0x0800541b   0x00000001   PAD
    0x20000068   0x0800541c   0x00000009   Data   RW         1034    .data               stm32f4xx_hal.o
    0x20000071   0x08005425   0x00000003   PAD
    0x20000074        -       0x00000058   Zero   RW          589    .bss                spi.o
    0x200000cc        -       0x00000048   Zero   RW          768    .bss                btim.o
    0x20000114        -       0x0000010c   Zero   RW          938    .bss                usart.o
    0x20000220        -       0x00000060   Zero   RW         4143    .bss                c_w.l(libspace.o)
    0x20000280        -       0x00000000   Zero   RW            2    HEAP                startup_stm32f407xx.o
    0x20000280        -       0x00000400   Zero   RW            1    STACK               startup_stm32f407xx.o


==============================================================================

Image component sizes


      Code (inc. data)   RO Data    RW Data    ZI Data      Debug   Object Name

       412         82          0         36         72       3391   btim.o
       102         10          0          4          0       2123   delay.o
       668         32          0          0          0       3665   icm.o
      3792        240          0         49          0      10220   mahony.o
       140         32          0          0          0     610623   main.o
       292         28          0          0         88       2018   spi.o
        76         28        392          0       1024       1028   startup_stm32f407xx.o
       174         32          0          9          0       9679   stm32f4xx_hal.o
       304         22          0          0          0      34831   stm32f4xx_hal_cortex.o
       210          0          0          0          0       2119   stm32f4xx_hal_dma.o
       528         46          0          0          0       2272   stm32f4xx_hal_gpio.o
      1820         84          0          0          0       5992   stm32f4xx_hal_rcc.o
      1268         14          0          0          0       5089   stm32f4xx_hal_spi.o
       900         76          0          0          0       6383   stm32f4xx_hal_tim.o
         4          0          0          0          0       1729   stm32f4xx_hal_tim_ex.o
      1796         16          0          0          0      10536   stm32f4xx_hal_uart.o
        32          0          0          0          0     695498   stm32f4xx_it.o
       192          8          0          0          0       1435   sys.o
        20          6         24          4          0       1495   system_stm32f4xx.o
       468         60          0          7        268       6552   usart.o

    ----------------------------------------------------------------------
     13218        816        448        116       1452    1416678   Object Totals
         0          0         32          0          0          0   (incl. Generated)
        20          0          0          7          0          0   (incl. Padding)

    ----------------------------------------------------------------------

      Code (inc. data)   RO Data    RW Data    ZI Data      Debug   Library Member Name

         8          0          0          0          0         68   __main.o
       104          0          0          0          0         84   __printf.o
         0          0          0          0          0          0   __rtentry.o
        12          0          0          0          0          0   __rtentry2.o
         6          0          0          0          0          0   __rtentry4.o
        52          8          0          0          0          0   __scatter.o
        26          0          0          0          0          0   __scatter_copy.o
        28          0          0          0          0          0   __scatter_zi.o
        48          6          0          0          0         96   _printf_char_common.o
        36          4          0          0          0         80   _printf_char_file.o
         6          0          0          0          0          0   _printf_f.o
      1054          0          0          0          0        216   _printf_fp_dec.o
       128         16          0          0          0         84   _printf_fp_infnan.o
         0          0          0          0          0          0   _printf_percent.o
         4          0          0          0          0          0   _printf_percent_end.o
        22          0          0          0          0        100   _rserrno.o
       228          4        148          0          0         96   bigflt0.o
      1936        128          0          0          0        672   btod.o
        10          0          0          0          0         68   defsig_exit.o
        50          0          0          0          0         88   defsig_general.o
        80         58          0          0          0         76   defsig_rtmem_inner.o
        14          0          0          0          0         80   defsig_rtmem_outer.o
        18          0          0          0          0         80   exit.o
         8          0          0          0          0         68   ferror.o
        94          0          0          0          0         80   h1_alloc.o
        52          0          0          0          0         68   h1_extend.o
        78          0          0          0          0         80   h1_free.o
        14          0          0          0          0         84   h1_init.o
         6          0          0          0          0        152   heapauxi.o
         4          0          0          0          0        136   hguard.o
       138          0          0          0          0        168   init_alloc.o
        44         10         28          0          0         76   lc_numeric_c.o
         2          0          0          0          0          0   libinit.o
        30          0          0          0          0          0   libinit2.o
         2          0          0          0          0          0   libshutdown.o
         2          0          0          0          0          0   libshutdown2.o
         8          4          0          0         96         68   libspace.o
       138          0          0          0          0         80   lludiv10.o
       238          0          0          0          0        100   lludivv7m.o
         0          0          0          0          0          0   maybetermalloc1.o
        24          4          0          0          0         84   noretval__2printf.o
         8          4          0          0          0         68   rt_errno_addr_intlibspace.o
         8          4          0          0          0         68   rt_heap_descriptor_intlibspace.o
         8          4          0          0          0         68   rt_locale_intlibspace.o
        78          0          0          0          0         80   rt_memclr_w.o
         2          0          0          0          0          0   rtexit.o
        10          0          0          0          0          0   rtexit2.o
       128          0          0          0          0         68   strcmpv7m.o
        74          0          0          0          0         80   sys_stackheap_outer.o
         2          0          0          0          0         68   use_no_semi.o
         2          0          0          0          0         68   use_no_semi_2.o
        12          0          0          0          0        116   dretinf.o
        86          4          0          0          0        132   f2d.o
       140          4          0          0          0        132   fnaninf.o
        10          0          0          0          0        116   fpinit.o
         4          0          0          0          0        116   printf1.o
         0          0          0          0          0          0   usenofp.o
       300         42          0          0          0        176   asinf.o
       592         90          0          0          0        184   atan2f.o
       336         56          0          0          0        136   cosf.o
        48          0          0          0          0        124   fpclassify.o
        38          0          0          0          0        116   fpclassifyf.o
        44         12          0          0          0        464   funder.o
       340         24         32          0          0        160   rredf.o
       400         56          0          0          0        212   sinf.o
       120          0          0          0          0        272   sqrtf.o

    ----------------------------------------------------------------------
      7554        542        208          0         96       6156   Library Totals
        12          0          0          0          0          0   (incl. Padding)

    ----------------------------------------------------------------------

      Code (inc. data)   RO Data    RW Data    ZI Data      Debug   Library Name

      5072        254        176          0         96       3700   c_w.l
       252          8          0          0          0        612   fz_wm.l
      2218        280         32          0          0       1844   m_wm.l

    ----------------------------------------------------------------------
      7554        542        208          0         96       6156   Library Totals

    ----------------------------------------------------------------------

==============================================================================


      Code (inc. data)   RO Data    RW Data    ZI Data      Debug   

     20772       1358        656        116       1548    1410854   Grand Totals
     20772       1358        656        116       1548    1410854   ELF Image Totals
     20772       1358        656        116          0          0   ROM Totals

==============================================================================

    Total RO  Size (Code + RO Data)                21428 (  20.93kB)
    Total RW  Size (RW Data + ZI Data)              1664 (   1.63kB)
    Total ROM Size (Code + RO Data + RW Data)      21544 (  21.04kB)

==============================================================================

